***********************************************
Device Utilization for EP2C35F672C
***********************************************
Resource                Used    Avail   Utilization
-----------------------------------------------
IOs                     115     475      24.21%
LUTs                    363     33216     1.09%
Registers               339     33216     1.02%
Memory Bits             6144    483340    1.27%
DSP block 9-bit elems   0       70        0.00%

-----------------------------------------------

************************************************************

Library: OPERATORS    Cell: sub_10_3    View: IMPLEMENTATION

************************************************************

  Cell                   Library  References     Total Area

 VCC                     cycloneii     1 x
 cycloneii_lcell_comb    cycloneii    12 x      1     12 LUTs

 Number of ports :                      33
 Number of nets :                       43
 Number of instances :                  13
 Number of references to this view :     1

Total accumulated area : 
 Number of LUTs :                       12
 Number of accumulated instances :      13

************************************************************

Library: OPERATORS    Cell: sub_10_2    View: IMPLEMENTATION

************************************************************

  Cell                   Library  References     Total Area

 VCC                     cycloneii     1 x
 cycloneii_lcell_comb    cycloneii    12 x      1     12 LUTs

 Number of ports :                      33
 Number of nets :                       43
 Number of instances :                  13
 Number of references to this view :     1

Total accumulated area : 
 Number of LUTs :                       12
 Number of accumulated instances :      13

***********************************************************

Library: OPERATORS    Cell: add_9_2    View: IMPLEMENTATION

***********************************************************

  Cell                   Library  References     Total Area

 VCC                     cycloneii     1 x
 cycloneii_lcell_comb    cycloneii    10 x      1     10 LUTs

 Number of ports :                      29
 Number of nets :                       29
 Number of instances :                  11
 Number of references to this view :     1

Total accumulated area : 
 Number of LUTs :                       10
 Number of accumulated instances :      11

***********************************************************

Library: OPERATORS    Cell: add_8_2    View: IMPLEMENTATION

***********************************************************

  Cell                   Library  References     Total Area

 VCC                     cycloneii     1 x
 cycloneii_lcell_comb    cycloneii     9 x      1      9 LUTs

 Number of ports :                      26
 Number of nets :                       34
 Number of instances :                  10
 Number of references to this view :     1

Total accumulated area : 
 Number of LUTs :                        9
 Number of accumulated instances :      10

************************************************************

Library: OPERATORS    Cell: sub_10_1    View: IMPLEMENTATION

************************************************************

  Cell                   Library  References     Total Area

 VCC                     cycloneii     1 x
 cycloneii_lcell_comb    cycloneii    11 x      1     11 LUTs

 Number of ports :                      32
 Number of nets :                       42
 Number of instances :                  12
 Number of references to this view :     1

Total accumulated area : 
 Number of LUTs :                       11
 Number of accumulated instances :      12

************************************************************

Library: OPERATORS    Cell: sub_10_0    View: IMPLEMENTATION

************************************************************

  Cell                   Library  References     Total Area

 VCC                     cycloneii     1 x
 cycloneii_lcell_comb    cycloneii    11 x      1     11 LUTs

 Number of ports :                      32
 Number of nets :                       42
 Number of instances :                  12
 Number of references to this view :     1

Total accumulated area : 
 Number of LUTs :                       11
 Number of accumulated instances :      12

***********************************************************

Library: OPERATORS    Cell: add_9_1    View: IMPLEMENTATION

***********************************************************

  Cell                   Library  References     Total Area

 VCC                     cycloneii     1 x
 cycloneii_lcell_comb    cycloneii    10 x      1     10 LUTs

 Number of ports :                      29
 Number of nets :                       37
 Number of instances :                  11
 Number of references to this view :     1

Total accumulated area : 
 Number of LUTs :                       10
 Number of accumulated instances :      11

***********************************************************

Library: OPERATORS    Cell: add_8_1    View: IMPLEMENTATION

***********************************************************

  Cell                   Library  References     Total Area

 VCC                     cycloneii     1 x
 cycloneii_lcell_comb    cycloneii     9 x      1      9 LUTs

 Number of ports :                      26
 Number of nets :                       34
 Number of instances :                  10
 Number of references to this view :     1

Total accumulated area : 
 Number of LUTs :                        9
 Number of accumulated instances :      10

***********************************************************

Library: OPERATORS    Cell: add_9_0    View: IMPLEMENTATION

***********************************************************

  Cell                   Library  References     Total Area

 VCC                     cycloneii     1 x
 cycloneii_lcell_comb    cycloneii    10 x      1     10 LUTs

 Number of ports :                      29
 Number of nets :                       37
 Number of instances :                  11
 Number of references to this view :     1

Total accumulated area : 
 Number of LUTs :                       10
 Number of accumulated instances :      11

***********************************************************

Library: OPERATORS    Cell: add_8_0    View: IMPLEMENTATION

***********************************************************

  Cell                   Library  References     Total Area

 VCC                     cycloneii     1 x
 cycloneii_lcell_comb    cycloneii     9 x      1      9 LUTs

 Number of ports :                      26
 Number of nets :                       34
 Number of instances :                  10
 Number of references to this view :     1

Total accumulated area : 
 Number of LUTs :                        9
 Number of accumulated instances :      10

************************************************************

Library: OPERATORS    Cell: add_12_1    View: IMPLEMENTATION

************************************************************

  Cell                   Library  References     Total Area

 VCC                     cycloneii     1 x
 cycloneii_lcell_comb    cycloneii    12 x      1     12 LUTs

 Number of ports :                      40
 Number of nets :                       46
 Number of instances :                  13
 Number of references to this view :     1

Total accumulated area : 
 Number of LUTs :                       12
 Number of accumulated instances :      13

************************************************************

Library: OPERATORS    Cell: add_12_0    View: IMPLEMENTATION

************************************************************

  Cell                   Library  References     Total Area

 VCC                     cycloneii     1 x
 cycloneii_lcell_comb    cycloneii    12 x      1     12 LUTs

 Number of ports :                      40
 Number of nets :                       46
 Number of instances :                  13
 Number of references to this view :     1

Total accumulated area : 
 Number of LUTs :                       12
 Number of accumulated instances :      13

***********************************************************

Library: OPERATORS    Cell: gt_13_0    View: IMPLEMENTATION

***********************************************************

  Cell                   Library  References     Total Area

 VCC                     cycloneii     1 x
 cycloneii_lcell_comb    cycloneii    13 x      1     13 LUTs

 Number of ports :                      27
 Number of nets :                       40
 Number of instances :                  14
 Number of references to this view :     1

Total accumulated area : 
 Number of LUTs :                       13
 Number of accumulated instances :      14

***********************************************************

Library: OPERATORS    Cell: gt_14_0    View: IMPLEMENTATION

***********************************************************

  Cell                   Library  References     Total Area

 VCC                     cycloneii     1 x
 cycloneii_lcell_comb    cycloneii    14 x      1     14 LUTs

 Number of ports :                      29
 Number of nets :                       43
 Number of instances :                  15
 Number of references to this view :     1

Total accumulated area : 
 Number of LUTs :                       14
 Number of accumulated instances :      15

************************************************************

Library: OPERATORS    Cell: sub_12_0    View: IMPLEMENTATION

************************************************************

  Cell                   Library  References     Total Area

 VCC                     cycloneii     1 x
 cycloneii_lcell_comb    cycloneii    13 x      1     13 LUTs

 Number of ports :                      38
 Number of nets :                       49
 Number of instances :                  14
 Number of references to this view :     1

Total accumulated area : 
 Number of LUTs :                       13
 Number of accumulated instances :      14

*****************************************

Library: work    Cell: flow    View: main

*****************************************

  Cell                   Library  References     Total Area

 NOT                     cycloneii     3 x
 VCC                     cycloneii     1 x
 add_12_0                OPERATORS     1 x     12     12 LUTs
 add_12_1                OPERATORS     1 x     12     12 LUTs
 add_8_0                 OPERATORS     1 x      9      9 LUTs
 add_8_1                 OPERATORS     1 x      9      9 LUTs
 add_8_2                 OPERATORS     1 x      9      9 LUTs
 add_9_0                 OPERATORS     1 x     10     10 LUTs
 add_9_1                 OPERATORS     1 x     10     10 LUTs
 add_9_2                 OPERATORS     1 x     10     10 LUTs
 cycloneii_lcell_comb    cycloneii    29 x      1     29 LUTs
 cycloneii_lcell_ff      cycloneii   138 x      1    138 Registers
 gt_13_0                 OPERATORS     1 x     13     13 LUTs
 gt_14_0                 OPERATORS     1 x     14     14 LUTs
 sub_10_0                OPERATORS     1 x     11     11 LUTs
 sub_10_1                OPERATORS     1 x     11     11 LUTs
 sub_10_2                OPERATORS     1 x     12     12 LUTs
 sub_10_3                OPERATORS     1 x     12     12 LUTs
 sub_12_0                OPERATORS     1 x     13     13 LUTs

 Number of ports :                     102
 Number of nets :                      388
 Number of instances :                 186
 Number of references to this view :     1

Total accumulated area : 
 Number of LCs :                         0
 Number of LUTs :                      196
 Number of Registers :                 138
 Number of accumulated instances :     353

**************************************************************

Library: OPERATORS    Cell: ram_dq_8_2    View: IMPLEMENTATION

**************************************************************

  Cell                     Library  References     Total Area

 VCC                       cycloneii     1 x
 altsyncram_8_8_256_2_2    OPERATORS     1 x

 Number of ports :                      31
 Number of nets :                       27
 Number of instances :                   2
 Number of references to this view :     1

Total accumulated area : 
 Number of Memory Bits :              2048
 Number of accumulated instances :       2

**************************************************************

Library: OPERATORS    Cell: ram_dq_8_1    View: IMPLEMENTATION

**************************************************************

  Cell                     Library  References     Total Area

 VCC                       cycloneii     1 x
 altsyncram_8_8_256_2_1    OPERATORS     1 x

 Number of ports :                      31
 Number of nets :                       27
 Number of instances :                   2
 Number of references to this view :     1

Total accumulated area : 
 Number of Memory Bits :              2048
 Number of accumulated instances :       2

**************************************************************

Library: OPERATORS    Cell: ram_dq_8_0    View: IMPLEMENTATION

**************************************************************

  Cell                     Library  References     Total Area

 VCC                       cycloneii     1 x
 altsyncram_8_8_256_2_0    OPERATORS     1 x

 Number of ports :                      31
 Number of nets :                       27
 Number of instances :                   2
 Number of references to this view :     1

Total accumulated area : 
 Number of Memory Bits :              2048
 Number of accumulated instances :       2

**********************************************************************

Library: OPERATORS    Cell: modgen_counter_8_1    View: IMPLEMENTATION

**********************************************************************

  Cell                   Library  References     Total Area

 VCC                     cycloneii     1 x
 cycloneii_lcell_comb    cycloneii     9 x      1      9 LUTs
 cycloneii_lcell_ff      cycloneii     8 x      1      8 Registers

 Number of ports :                      26
 Number of nets :                       29
 Number of instances :                  18
 Number of references to this view :     1

Total accumulated area : 
 Number of LUTs :                        9
 Number of Registers :                   8
 Number of accumulated instances :      18

**********************************************************************

Library: OPERATORS    Cell: modgen_counter_8_0    View: IMPLEMENTATION

**********************************************************************

  Cell                   Library  References     Total Area

 VCC                     cycloneii     1 x
 cycloneii_lcell_comb    cycloneii     9 x      1      9 LUTs
 cycloneii_lcell_ff      cycloneii     8 x      1      8 Registers

 Number of ports :                      26
 Number of nets :                       29
 Number of instances :                  18
 Number of references to this view :     1

Total accumulated area : 
 Number of LUTs :                        9
 Number of Registers :                   8
 Number of accumulated instances :      18

*******************************************************

Library: work    Cell: memory    View: main_unfold_1492

*******************************************************

  Cell                   Library  References     Total Area

 NOT                     cycloneii     3 x
 VCC                     cycloneii     2 x
 cycloneii_lcell_comb    cycloneii    69 x      1     69 LUTs
 cycloneii_lcell_ff      cycloneii    89 x      1     89 Registers
 modgen_counter_8_0      OPERATORS     1 x      9      9 LUTs
                                                8      8 Registers
 modgen_counter_8_1      OPERATORS     1 x      9      9 LUTs
                                                8      8 Registers
 ram_dq_8_0              OPERATORS     1 x   2048   2048 Memory Bits
 ram_dq_8_1              OPERATORS     1 x   2048   2048 Memory Bits
 ram_dq_8_2              OPERATORS     1 x   2048   2048 Memory Bits

 Number of ports :                     114
 Number of nets :                      217
 Number of instances :                 168
 Number of references to this view :     1

Total accumulated area : 
 Number of LCs :                         0
 Number of LUTs :                       87
 Number of Memory Bits :              6144
 Number of Registers :                 105
 Number of accumulated instances :     205

*******************************************

Library: work    Cell: kirsch    View: main

*******************************************

  Cell                   Library  References     Total Area

 GND                     cycloneii     1 x
 NOT                     cycloneii     3 x
 cycloneii_io            cycloneii    94 x      1     94 IOs
 cycloneii_lcell_comb    cycloneii    80 x      1     80 LUTs
 cycloneii_lcell_ff      cycloneii    96 x      1     96 Registers
 flow                    work          1 x    138    138 Registers
                                                0      0 LCs
                                              196    196 LUTs
 memory                  work          1 x      0      0 LCs
                                             6144   6144 Memory Bits
                                              105    105 Registers
                                               87     87 LUTs

 Number of ports :                     115
 Number of nets :                      385
 Number of instances :                 276
 Number of references to this view :     0

Total accumulated area : 
 Number of IOs :                       115
 Number of LCs :                         0
 Number of LUTs :                      363
 Number of Memory Bits :              6144
 Number of Registers :                 339
 Number of accumulated instances :     832
