
********************************************************

Library: OPERATORS    Cell: and_4u_4u    View: INTERFACE

********************************************************

 Number of ports :                       5
 Number of nets :                        0
 Number of instances :                   0
 Number of references to this view :     1

Total accumulated area : 
 Black Box and_4u_4u :                   1

*************************************************************************************************

Library: OPERATORS    Cell: shiftregister_reg_p5m(0)_clk_reset_set_0_1_1_1_0_4    View: INTERFACE

*************************************************************************************************

  Cell    Library  References     Total Area

 DFF    PRIMITIVES     4 x      1      4 DFF

 Number of ports :                       5
 Number of nets :                       13
 Number of instances :                   4
 Number of references to this view :     1

Total accumulated area : 
 Black Box DFF :                         4
 Number of accumulated instances :       4

*************************************************************************************************

Library: OPERATORS    Cell: shiftregister_reg_p5m(1)_clk_reset_set_0_1_1_1_0_4    View: INTERFACE

*************************************************************************************************

  Cell    Library  References     Total Area

 DFF    PRIMITIVES     4 x      1      4 DFF

 Number of ports :                       5
 Number of nets :                       13
 Number of instances :                   4
 Number of references to this view :     1

Total accumulated area : 
 Black Box DFF :                         4
 Number of accumulated instances :       4

****************************************************************************

Library: OPERATORS    Cell: shiftregister_with_taps_2_4_1    View: INTERFACE

****************************************************************************

  Cell                                                 Library  References     Total Area

 shiftregister_reg_p5m(0)_clk_reset_set_0_1_1_1_0_4    OPERATORS     1 x      4      4 DFF
 shiftregister_reg_p5m(1)_clk_reset_set_0_1_1_1_0_4    OPERATORS     1 x      4      4 DFF

 Number of ports :                      10
 Number of nets :                        7
 Number of instances :                   2
 Number of references to this view :     1

Total accumulated area : 
 Black Box DFF :                         8
 Number of accumulated instances :       8

*************************************************************************************************

Library: OPERATORS    Cell: shiftregister_reg_p5r(0)_clk_reset_set_0_1_1_1_0_4    View: INTERFACE

*************************************************************************************************

  Cell    Library  References     Total Area

 DFF    PRIMITIVES     4 x      1      4 DFF

 Number of ports :                       5
 Number of nets :                       13
 Number of instances :                   4
 Number of references to this view :     1

Total accumulated area : 
 Black Box DFF :                         4
 Number of accumulated instances :       4

*************************************************************************************************

Library: OPERATORS    Cell: shiftregister_reg_p5r(1)_clk_reset_set_0_1_1_1_0_4    View: INTERFACE

*************************************************************************************************

  Cell    Library  References     Total Area

 DFF    PRIMITIVES     4 x      1      4 DFF

 Number of ports :                       5
 Number of nets :                       13
 Number of instances :                   4
 Number of references to this view :     1

Total accumulated area : 
 Black Box DFF :                         4
 Number of accumulated instances :       4

*************************************************************************************************

Library: OPERATORS    Cell: shiftregister_reg_p5r(2)_clk_reset_set_0_1_1_1_0_4    View: INTERFACE

*************************************************************************************************

  Cell    Library  References     Total Area

 DFF    PRIMITIVES     4 x      1      4 DFF

 Number of ports :                       5
 Number of nets :                       13
 Number of instances :                   4
 Number of references to this view :     1

Total accumulated area : 
 Black Box DFF :                         4
 Number of accumulated instances :       4

*************************************************************************************************

Library: OPERATORS    Cell: shiftregister_reg_p5r(3)_clk_reset_set_0_1_1_1_0_4    View: INTERFACE

*************************************************************************************************

  Cell    Library  References     Total Area

 DFF    PRIMITIVES     4 x      1      4 DFF

 Number of ports :                       5
 Number of nets :                       13
 Number of instances :                   4
 Number of references to this view :     1

Total accumulated area : 
 Black Box DFF :                         4
 Number of accumulated instances :       4

*************************************************************************************************

Library: OPERATORS    Cell: shiftregister_reg_p5r(4)_clk_reset_set_0_1_1_1_0_4    View: INTERFACE

*************************************************************************************************

  Cell    Library  References     Total Area

 DFF    PRIMITIVES     4 x      1      4 DFF

 Number of ports :                       5
 Number of nets :                       13
 Number of instances :                   4
 Number of references to this view :     1

Total accumulated area : 
 Black Box DFF :                         4
 Number of accumulated instances :       4

*************************************************************************************************

Library: OPERATORS    Cell: shiftregister_reg_p5r(5)_clk_reset_set_0_1_1_1_0_4    View: INTERFACE

*************************************************************************************************

  Cell    Library  References     Total Area

 DFF    PRIMITIVES     4 x      1      4 DFF

 Number of ports :                       5
 Number of nets :                       13
 Number of instances :                   4
 Number of references to this view :     1

Total accumulated area : 
 Black Box DFF :                         4
 Number of accumulated instances :       4

*************************************************************************************************

Library: OPERATORS    Cell: shiftregister_reg_p5r(6)_clk_reset_set_0_1_1_1_0_4    View: INTERFACE

*************************************************************************************************

  Cell    Library  References     Total Area

 DFF    PRIMITIVES     4 x      1      4 DFF

 Number of ports :                       5
 Number of nets :                       13
 Number of instances :                   4
 Number of references to this view :     1

Total accumulated area : 
 Black Box DFF :                         4
 Number of accumulated instances :       4

*************************************************************************************************

Library: OPERATORS    Cell: shiftregister_reg_p5r(7)_clk_reset_set_0_1_1_1_0_4    View: INTERFACE

*************************************************************************************************

  Cell    Library  References     Total Area

 DFF    PRIMITIVES     4 x      1      4 DFF

 Number of ports :                       5
 Number of nets :                       13
 Number of instances :                   4
 Number of references to this view :     1

Total accumulated area : 
 Black Box DFF :                         4
 Number of accumulated instances :       4

****************************************************************************

Library: OPERATORS    Cell: shiftregister_with_taps_8_4_1    View: INTERFACE

****************************************************************************

  Cell                                                 Library  References     Total Area

 shiftregister_reg_p5r(0)_clk_reset_set_0_1_1_1_0_4    OPERATORS     1 x      4      4 DFF
 shiftregister_reg_p5r(1)_clk_reset_set_0_1_1_1_0_4    OPERATORS     1 x      4      4 DFF
 shiftregister_reg_p5r(2)_clk_reset_set_0_1_1_1_0_4    OPERATORS     1 x      4      4 DFF
 shiftregister_reg_p5r(3)_clk_reset_set_0_1_1_1_0_4    OPERATORS     1 x      4      4 DFF
 shiftregister_reg_p5r(4)_clk_reset_set_0_1_1_1_0_4    OPERATORS     1 x      4      4 DFF
 shiftregister_reg_p5r(5)_clk_reset_set_0_1_1_1_0_4    OPERATORS     1 x      4      4 DFF
 shiftregister_reg_p5r(6)_clk_reset_set_0_1_1_1_0_4    OPERATORS     1 x      4      4 DFF
 shiftregister_reg_p5r(7)_clk_reset_set_0_1_1_1_0_4    OPERATORS     1 x      4      4 DFF

 Number of ports :                      28
 Number of nets :                       19
 Number of instances :                   8
 Number of references to this view :     1

Total accumulated area : 
 Black Box DFF :                        32
 Number of accumulated instances :      32

*******************************************************

Library: OPERATORS    Cell: or_5u_5u    View: INTERFACE

*******************************************************

 Number of ports :                       6
 Number of nets :                        0
 Number of instances :                   0
 Number of references to this view :     1

Total accumulated area : 
 Black Box or_5u_5u :                    1

*********************************************************

Library: OPERATORS    Cell: eq_14u_14u    View: INTERFACE

*********************************************************

 Number of ports :                      29
 Number of nets :                        0
 Number of instances :                   0
 Number of references to this view :     1

Total accumulated area : 
 Black Box eq_14u_14u :                  1

****************************************************************

Library: OPERATORS    Cell: sub_10u_10u_10u_0    View: INTERFACE

****************************************************************

 Number of ports :                      32
 Number of nets :                        0
 Number of instances :                   0
 Number of references to this view :     4

Total accumulated area : 
 Black Box sub_10u_10u_10u_0 :           1

***************************************************************

Library: OPERATORS    Cell: add_9u_9u_9u_0_0    View: INTERFACE

***************************************************************

 Number of ports :                      29
 Number of nets :                        0
 Number of instances :                   0
 Number of references to this view :     3

Total accumulated area : 
 Black Box add_9u_9u_9u_0_0 :            1

***************************************************************

Library: OPERATORS    Cell: add_8u_8u_8u_0_0    View: INTERFACE

***************************************************************

 Number of ports :                      26
 Number of nets :                        0
 Number of instances :                   0
 Number of references to this view :     3

Total accumulated area : 
 Black Box add_8u_8u_8u_0_0 :            1

******************************************************************

Library: OPERATORS    Cell: add_12u_12u_12u_0_0    View: INTERFACE

******************************************************************

 Number of ports :                      38
 Number of nets :                        0
 Number of instances :                   0
 Number of references to this view :     2

Total accumulated area : 
 Black Box add_12u_12u_12u_0_0 :         1

*******************************************************

Library: OPERATORS    Cell: or_4u_4u    View: INTERFACE

*******************************************************

 Number of ports :                       5
 Number of nets :                        0
 Number of instances :                   0
 Number of references to this view :     1

Total accumulated area : 
 Black Box or_4u_4u :                    1

*********************************************************

Library: OPERATORS    Cell: gt_13s_13s    View: INTERFACE

*********************************************************

 Number of ports :                      27
 Number of nets :                        0
 Number of instances :                   0
 Number of references to this view :     1

Total accumulated area : 
 Black Box gt_13s_13s :                  1

*********************************************************

Library: OPERATORS    Cell: gt_14s_14s    View: INTERFACE

*********************************************************

 Number of ports :                      29
 Number of nets :                        0
 Number of instances :                   0
 Number of references to this view :     1

Total accumulated area : 
 Black Box gt_14s_14s :                  1

****************************************************************

Library: OPERATORS    Cell: sub_12u_12u_12u_0    View: INTERFACE

****************************************************************

 Number of ports :                      38
 Number of nets :                        0
 Number of instances :                   0
 Number of references to this view :     1

Total accumulated area : 
 Black Box sub_12u_12u_12u_0 :           1

*****************************************************

Library: work    Cell: flow    View: main_unfold_1331

*****************************************************

  Cell                            Library  References     Total Area

 AND2                             PRIMITIVES     9 x      1      9 AND2
 DFF                              PRIMITIVES    80 x      1     80 DFF
 DFFE                             PRIMITIVES     3 x      1      3 DFFE
 DFFRSE                           PRIMITIVES    23 x      1     23 DFFRSE
 FALSE                            PRIMITIVES     1 x      1      1 FALSE
 INV                              PRIMITIVES    17 x      1     17 INV
 MUX                              PRIMITIVES    14 x      1     14 MUX
 OR2                              PRIMITIVES     7 x      1      7 OR2
 TRUE                             PRIMITIVES     1 x      1      1 TRUE
 XNOR2                            PRIMITIVES     1 x      1      1 XNOR2
 XOR2                             PRIMITIVES     1 x      1      1 XOR2
 add_12u_12u_12u_0_0              OPERATORS      2 x      1      2 add_12u_12u_12u_0_0
 add_8u_8u_8u_0_0                 OPERATORS      3 x      1      3 add_8u_8u_8u_0_0
 add_9u_9u_9u_0_0                 OPERATORS      3 x      1      3 add_9u_9u_9u_0_0
 and_3u_3u                        OPERATORS      1 x      1      1 and_3u_3u
 eq_14u_14u                       OPERATORS      1 x      1      1 eq_14u_14u
 gt_13s_13s                       OPERATORS      1 x      1      1 gt_13s_13s
 gt_14s_14s                       OPERATORS      1 x      1      1 gt_14s_14s
 or_4u_4u                         OPERATORS      1 x      1      1 or_4u_4u
 or_5u_5u                         OPERATORS      1 x      1      1 or_5u_5u
 shiftregister_with_taps_2_4_1    OPERATORS      1 x      8      8 DFF
 shiftregister_with_taps_8_4_1    OPERATORS      1 x     32     32 DFF
 sub_10u_10u_10u_0                OPERATORS      4 x      1      4 sub_10u_10u_10u_0
 sub_12u_12u_12u_0                OPERATORS      1 x      1      1 sub_12u_12u_12u_0

 Number of ports :                     175
 Number of nets :                      388
 Number of instances :                 178
 Number of references to this view :     1

Total accumulated area : 
 Black Box AND2 :                        9
 Black Box DFF :                       120
 Black Box DFFE :                        3
 Black Box DFFRSE :                     23
 Black Box FALSE :                       1
 Black Box INV :                        17
 Black Box MUX :                        14
 Black Box OR2 :                         7
 Black Box TRUE :                        1
 Black Box XNOR2 :                       1
 Black Box XOR2 :                        1
 Black Box add_12u_12u_12u_0_0 :         2
 Black Box add_8u_8u_8u_0_0 :            3
 Black Box add_9u_9u_9u_0_0 :            3
 Black Box and_3u_3u :                   1
 Black Box eq_14u_14u :                  1
 Black Box gt_13s_13s :                  1
 Black Box gt_14s_14s :                  1
 Black Box or_4u_4u :                    1
 Black Box or_5u_5u :                    1
 Black Box sub_10u_10u_10u_0 :           4
 Black Box sub_12u_12u_12u_0 :           1
 Number of accumulated instances :     216

****************************************************************************************

Library: OPERATORS    Cell: counter_up_cnt_en_sclear_clock_clk_en_0_8    View: INTERFACE

****************************************************************************************

  Cell            Library  References     Total Area

 AND2             PRIMITIVES     9 x      1      9 AND2
 DFFE             PRIMITIVES     8 x      1      8 DFFE
 FALSE            PRIMITIVES     1 x      1      1 FALSE
 INV              PRIMITIVES     1 x      1      1 INV
 OR2              PRIMITIVES     1 x      1      1 OR2
 TRUE             PRIMITIVES     1 x      1      1 TRUE
 inc_8u_8u_0_0    OPERATORS      1 x      1      1 inc_8u_8u_0_0

 Number of ports :                      24
 Number of nets :                       33
 Number of instances :                  22
 Number of references to this view :     1

Total accumulated area : 
 Black Box AND2 :                        9
 Black Box DFFE :                        8
 Black Box FALSE :                       1
 Black Box INV :                         1
 Black Box OR2 :                         1
 Black Box TRUE :                        1
 Black Box inc_8u_8u_0_0 :               1
 Number of accumulated instances :      22

************************************************************

Library: OPERATORS    Cell: inc_8u_8u_0_0    View: INTERFACE

************************************************************

 Number of ports :                      18
 Number of nets :                       16
 Number of instances :                   0
 Number of references to this view :     2

Total accumulated area : 
 Number of inc_8u_8u_0_0 :               1

*********************************************************************************

Library: OPERATORS    Cell: counter_up_cnt_en_sclear_clock_0_8    View: INTERFACE

*********************************************************************************

  Cell            Library  References     Total Area

 AND2             PRIMITIVES     8 x      1      8 AND2
 DFFE             PRIMITIVES     8 x      1      8 DFFE
 FALSE            PRIMITIVES     1 x      1      1 FALSE
 INV              PRIMITIVES     1 x      1      1 INV
 OR2              PRIMITIVES     1 x      1      1 OR2
 TRUE             PRIMITIVES     1 x      1      1 TRUE
 inc_8u_8u_0_0    OPERATORS      1 x      1      1 inc_8u_8u_0_0

 Number of ports :                      24
 Number of nets :                       31
 Number of instances :                  21
 Number of references to this view :     1

Total accumulated area : 
 Black Box AND2 :                        8
 Black Box DFFE :                        8
 Black Box FALSE :                       1
 Black Box INV :                         1
 Black Box OR2 :                         1
 Black Box TRUE :                        1
 Black Box inc_8u_8u_0_0 :               1
 Number of accumulated instances :      21

********************************************************

Library: OPERATORS    Cell: and_3u_3u    View: INTERFACE

********************************************************

 Number of ports :                       4
 Number of nets :                        0
 Number of instances :                   0
 Number of references to this view :     5

Total accumulated area : 
 Number of and_3u_3u :                   1

**********************************************************

Library: OPERATORS    Cell: dec_7u_7u_0    View: INTERFACE

**********************************************************

 Number of ports :                      16
 Number of nets :                        0
 Number of instances :                   0
 Number of references to this view :     1

Total accumulated area : 
 Black Box dec_7u_7u_0 :                 1

********************************************************

Library: OPERATORS    Cell: and_8u_8u    View: INTERFACE

********************************************************

 Number of ports :                       9
 Number of nets :                        0
 Number of instances :                   0
 Number of references to this view :     2

Total accumulated area : 
 Black Box and_8u_8u :                   1

*********************************************************

Library: OPERATORS    Cell: select_3_3    View: INTERFACE

*********************************************************

 Number of ports :                       7
 Number of nets :                        0
 Number of instances :                   0
 Number of references to this view :    16

Total accumulated area : 
 Black Box select_3_3 :                  1

*******************************************************

Library: OPERATORS    Cell: or_7u_7u    View: INTERFACE

*******************************************************

 Number of ports :                       8
 Number of nets :                        0
 Number of instances :                   0
 Number of references to this view :     2

Total accumulated area : 
 Black Box or_7u_7u :                    1

*******************************************************

Library: OPERATORS    Cell: or_3u_3u    View: INTERFACE

*******************************************************

 Number of ports :                       4
 Number of nets :                        0
 Number of instances :                   0
 Number of references to this view :     2

Total accumulated area : 
 Black Box or_3u_3u :                    1

******************************************************************************

Library: OPERATORS    Cell: ram_new_0_mem_8_8_main    View: INTERFACE_unfold_1

******************************************************************************

  Cell                                  Library  References     Total Area

 AND2                                   PRIMITIVES     2 x      1      2 AND2
 DFF                                    PRIMITIVES     8 x      1      8 DFF
 FALSE                                  PRIMITIVES     1 x      1      1 FALSE
 TRUE                                   PRIMITIVES     1 x      1      1 TRUE
 clocked_ram_8_8_256_F_T_F_F_F_F_F_F    OPERATORS      1 x      1      1 clocked_ram_8_8_256_F_T_F_F_F_F_F_F

 Number of ports :                      31
 Number of nets :                       43
 Number of instances :                  13
 Number of references to this view :     1

Total accumulated area : 
 Black Box AND2 :                        2
 Black Box DFF :                         8
 Black Box FALSE :                       1
 Black Box TRUE :                        1
 Black Box clocked_ram_8_8_256_F_T_F_F_F_F_F_F :     1
 Number of accumulated instances :      13

********************************************

Library: work    Cell: mem_8_8    View: main

********************************************

  Cell                     Library  References     Total Area

 FALSE                     PRIMITIVES     1 x      1      1 FALSE
 TRUE                      PRIMITIVES     1 x      1      1 TRUE
 ram_new_0_mem_8_8_main    OPERATORS      1 x      2      2 AND2
                                                   1      1 clocked_ram_8_8_256_F_T_F_F_F_F_F_F
                                                   8      8 DFF
                                                   1      1 TRUE
                                                   1      1 FALSE

 Number of ports :                      26
 Number of nets :                       28
 Number of instances :                   3
 Number of references to this view :     1

Total accumulated area : 
 Black Box AND2 :                        2
 Black Box DFF :                         8
 Black Box FALSE :                       2
 Black Box TRUE :                        2
 Black Box clocked_ram_8_8_256_F_T_F_F_F_F_F_F :     1
 Number of accumulated instances :      15

*********************************************************************

Library: OPERATORS    Cell: ram_new_0_mem_8_8_main    View: INTERFACE

*********************************************************************

  Cell                                  Library  References     Total Area

 AND2                                   PRIMITIVES     2 x      1      2 AND2
 DFF                                    PRIMITIVES     8 x      1      8 DFF
 FALSE                                  PRIMITIVES     1 x      1      1 FALSE
 TRUE                                   PRIMITIVES     1 x      1      1 TRUE
 clocked_ram_8_8_256_F_T_F_F_F_F_F_F    OPERATORS      1 x      1      1 clocked_ram_8_8_256_F_T_F_F_F_F_F_F

 Number of ports :                      31
 Number of nets :                       43
 Number of instances :                  13
 Number of references to this view :     1

Total accumulated area : 
 Black Box AND2 :                        2
 Black Box DFF :                         8
 Black Box FALSE :                       1
 Black Box TRUE :                        1
 Black Box clocked_ram_8_8_256_F_T_F_F_F_F_F_F :     1
 Number of accumulated instances :      13

*****************************************************

Library: work    Cell: mem_8_8    View: main_unfold_2

*****************************************************

  Cell                     Library  References     Total Area

 FALSE                     PRIMITIVES     1 x      1      1 FALSE
 TRUE                      PRIMITIVES     1 x      1      1 TRUE
 ram_new_0_mem_8_8_main    OPERATORS      1 x      2      2 AND2
                                                   1      1 clocked_ram_8_8_256_F_T_F_F_F_F_F_F
                                                   8      8 DFF
                                                   1      1 TRUE
                                                   1      1 FALSE

 Number of ports :                      26
 Number of nets :                       28
 Number of instances :                   3
 Number of references to this view :     1

Total accumulated area : 
 Black Box AND2 :                        2
 Black Box DFF :                         8
 Black Box FALSE :                       2
 Black Box TRUE :                        2
 Black Box clocked_ram_8_8_256_F_T_F_F_F_F_F_F :     1
 Number of accumulated instances :      15

**********************************************************************************

Library: OPERATORS    Cell: clocked_ram_8_8_256_F_T_F_F_F_F_F_F    View: INTERFACE

**********************************************************************************

 Number of ports :                      34
 Number of nets :                        0
 Number of instances :                   0
 Number of references to this view :     3

Total accumulated area : 
 Number of clocked_ram_8_8_256_F_T_F_F_F_F_F_F :     1

******************************************************************************

Library: OPERATORS    Cell: ram_new_0_mem_8_8_main    View: INTERFACE_unfold_2

******************************************************************************

  Cell                                  Library  References     Total Area

 AND2                                   PRIMITIVES     2 x      1      2 AND2
 DFF                                    PRIMITIVES     8 x      1      8 DFF
 FALSE                                  PRIMITIVES     1 x      1      1 FALSE
 TRUE                                   PRIMITIVES     1 x      1      1 TRUE
 clocked_ram_8_8_256_F_T_F_F_F_F_F_F    OPERATORS      1 x      1      1 clocked_ram_8_8_256_F_T_F_F_F_F_F_F

 Number of ports :                      31
 Number of nets :                       43
 Number of instances :                  13
 Number of references to this view :     1

Total accumulated area : 
 Black Box AND2 :                        2
 Black Box DFF :                         8
 Black Box FALSE :                       1
 Black Box TRUE :                        1
 Black Box clocked_ram_8_8_256_F_T_F_F_F_F_F_F :     1
 Number of accumulated instances :      13

*****************************************************

Library: work    Cell: mem_8_8    View: main_unfold_1

*****************************************************

  Cell                     Library  References     Total Area

 FALSE                     PRIMITIVES     1 x      1      1 FALSE
 TRUE                      PRIMITIVES     1 x      1      1 TRUE
 ram_new_0_mem_8_8_main    OPERATORS      1 x      2      2 AND2
                                                   1      1 clocked_ram_8_8_256_F_T_F_F_F_F_F_F
                                                   8      8 DFF
                                                   1      1 TRUE
                                                   1      1 FALSE

 Number of ports :                      26
 Number of nets :                       28
 Number of instances :                   3
 Number of references to this view :     1

Total accumulated area : 
 Black Box AND2 :                        2
 Black Box DFF :                         8
 Black Box FALSE :                       2
 Black Box TRUE :                        2
 Black Box clocked_ram_8_8_256_F_T_F_F_F_F_F_F :     1
 Number of accumulated instances :      15

*******************************************

Library: work    Cell: memory    View: main

*******************************************

  Cell                                        Library  References     Total Area

 AND2                                         PRIMITIVES     6 x      1      6 AND2
 DFF                                          PRIMITIVES    18 x      1     18 DFF
 DFFE                                         PRIMITIVES    72 x      1     72 DFFE
 DFFRSE                                       PRIMITIVES     8 x      1      8 DFFRSE
 FALSE                                        PRIMITIVES     1 x      1      1 FALSE
 INV                                          PRIMITIVES    14 x      1     14 INV
 MUX                                          PRIMITIVES    17 x      1     17 MUX
 OR2                                          PRIMITIVES    12 x      1     12 OR2
 TRUE                                         PRIMITIVES     1 x      1      1 TRUE
 and_3u_3u                                    OPERATORS      3 x      1      3 and_3u_3u
 and_8u_8u                                    OPERATORS      2 x      1      2 and_8u_8u
 counter_up_cnt_en_sclear_clock_0_8           OPERATORS      1 x      8      8 AND2
                                                                      1      1 INV
                                                                      1      1 TRUE
                                                                      1      1 inc_8u_8u_0_0
                                                                      8      8 DFFE
                                                                      1      1 OR2
                                                                      1      1 FALSE
 counter_up_cnt_en_sclear_clock_clk_en_0_8    OPERATORS      1 x      1      1 INV
                                                                      1      1 TRUE
                                                                      1      1 inc_8u_8u_0_0
                                                                      8      8 DFFE
                                                                      9      9 AND2
                                                                      1      1 OR2
                                                                      1      1 FALSE
 dec_7u_7u_0                                  OPERATORS      1 x      1      1 dec_7u_7u_0
 mem_8_8                                      work           1 x      2      2 TRUE
                                                                      8      8 DFF
                                                                      1      1 clocked_ram_8_8_256_F_T_F_F_F_F_F_F
                                                                      2      2 AND2
                                                                      2      2 FALSE
 mem_8_8                                      work           1 x      2      2 TRUE
                                                                      8      8 DFF
                                                                      1      1 clocked_ram_8_8_256_F_T_F_F_F_F_F_F
                                                                      2      2 AND2
                                                                      2      2 FALSE
 mem_8_8                                      work           1 x      2      2 TRUE
                                                                      8      8 DFF
                                                                      1      1 clocked_ram_8_8_256_F_T_F_F_F_F_F_F
                                                                      2      2 AND2
                                                                      2      2 FALSE
 or_3u_3u                                     OPERATORS      2 x      1      2 or_3u_3u
 or_7u_7u                                     OPERATORS      2 x      1      2 or_7u_7u
 select_3_3                                   OPERATORS     16 x      1     16 select_3_3

 Number of ports :                     102
 Number of nets :                      232
 Number of instances :                 180
 Number of references to this view :     1

Total accumulated area : 
 Black Box AND2 :                       29
 Black Box DFF :                        42
 Black Box DFFE :                       88
 Black Box DFFRSE :                      8
 Black Box FALSE :                       9
 Black Box INV :                        16
 Black Box MUX :                        17
 Black Box OR2 :                        14
 Black Box TRUE :                        9
 Black Box and_3u_3u :                   3
 Black Box and_8u_8u :                   2
 Black Box clocked_ram_8_8_256_F_T_F_F_F_F_F_F :     3
 Black Box dec_7u_7u_0 :                 1
 Black Box inc_8u_8u_0_0 :               2
 Black Box or_3u_3u :                    2
 Black Box or_7u_7u :                    2
 Black Box select_3_3 :                 16
 Number of accumulated instances :     263

*******************************************

Library: work    Cell: kirsch    View: main

*******************************************

  Cell        Library  References     Total Area

 AND2         PRIMITIVES     3 x      1      3 AND2
 DFFE         PRIMITIVES    74 x      1     74 DFFE
 DFFRSE       PRIMITIVES     4 x      1      4 DFFRSE
 FALSE        PRIMITIVES     1 x      1      1 FALSE
 INV          PRIMITIVES     5 x      1      5 INV
 MUX          PRIMITIVES    74 x      1     74 MUX
 OR2          PRIMITIVES     3 x      1      3 OR2
 and_3u_3u    OPERATORS      1 x      1      1 and_3u_3u
 and_4u_4u    OPERATORS      1 x      1      1 and_4u_4u
 flow         work           1 x      1      1 or_5u_5u
                                      3      3 DFFE
                                     23     23 DFFRSE
                                    120    120 DFF
                                      1      1 eq_14u_14u
                                      1      1 XNOR2
                                      4      4 sub_10u_10u_10u_0
                                      3      3 add_9u_9u_9u_0_0
                                      3      3 add_8u_8u_8u_0_0
                                      1      1 XOR2
                                      2      2 add_12u_12u_12u_0_0
                                      1      1 or_4u_4u
                                     14     14 MUX
                                      9      9 AND2
                                      1      1 gt_13s_13s
                                      1      1 gt_14s_14s
                                      1      1 and_3u_3u
                                      1      1 sub_12u_12u_12u_0
                                      7      7 OR2
                                     17     17 INV
                                      1      1 TRUE
                                      1      1 FALSE
 memory       work           1 x      8      8 DFFRSE
                                     88     88 DFFE
                                      2      2 inc_8u_8u_0_0
                                      3      3 and_3u_3u
                                      1      1 dec_7u_7u_0
                                      2      2 and_8u_8u
                                     17     17 MUX
                                     16     16 select_3_3
                                      2      2 or_7u_7u
                                      2      2 or_3u_3u
                                     16     16 INV
                                     14     14 OR2
                                     29     29 AND2
                                      3      3 clocked_ram_8_8_256_F_T_F_F_F_F_F_F
                                     42     42 DFF
                                      9      9 TRUE
                                      9      9 FALSE

 Number of ports :                     234
 Number of nets :                      364
 Number of instances :                 168
 Number of references to this view :     0

Total accumulated area : 
 Black Box AND2 :                       41
 Black Box DFF :                       162
 Black Box DFFE :                      165
 Black Box DFFRSE :                     35
 Black Box FALSE :                      11
 Black Box INV :                        38
 Black Box MUX :                       105
 Black Box OR2 :                        24
 Black Box TRUE :                       10
 Black Box XNOR2 :                       1
 Black Box XOR2 :                        1
 Black Box add_12u_12u_12u_0_0 :         2
 Black Box add_8u_8u_8u_0_0 :            3
 Black Box add_9u_9u_9u_0_0 :            3
 Black Box and_3u_3u :                   5
 Black Box and_4u_4u :                   1
 Black Box and_8u_8u :                   2
 Black Box clocked_ram_8_8_256_F_T_F_F_F_F_F_F :     3
 Black Box dec_7u_7u_0 :                 1
 Black Box eq_14u_14u :                  1
 Black Box gt_13s_13s :                  1
 Black Box gt_14s_14s :                  1
 Black Box inc_8u_8u_0_0 :               2
 Black Box or_3u_3u :                    2
 Black Box or_4u_4u :                    1
 Black Box or_5u_5u :                    1
 Black Box or_7u_7u :                    2
 Black Box select_3_3 :                 16
 Black Box sub_10u_10u_10u_0 :           4
 Black Box sub_12u_12u_12u_0 :           1
 Number of accumulated instances :     645
