----------------
; Command Info ;
----------------
Report Timing: Found 5 setup paths (5 violated).  Worst case slack is -9.958 

Tcl Command:
    report_timing -setup -npaths 5 -detail path_only -file {timing_chip_path.rpt} 

Options:
    -setup 
    -npaths 5 
    -detail path_only 
    -file {timing_chip_path.rpt} 


+--------------------------------------------------------------------------------------------------------+
; Summary of Paths                                                                                       ;
+--------+----------------------------+-------------------------------------+--------------+-------------+
; Slack  ; From Node                  ; To Node                             ; Launch Clock ; Latch Clock ;
+--------+----------------------------+-------------------------------------+--------------+-------------+
; -9.958 ; kirsch:u_kirsch|f_state_1_ ; kirsch:u_kirsch|flow:u_flow|p22_12_ ; clk          ; clk         ;
; -9.954 ; kirsch:u_kirsch|f_state_1_ ; kirsch:u_kirsch|flow:u_flow|p22_12_ ; clk          ; clk         ;
; -9.947 ; kirsch:u_kirsch|f_state_1_ ; kirsch:u_kirsch|flow:u_flow|p22_12_ ; clk          ; clk         ;
; -9.943 ; kirsch:u_kirsch|f_state_1_ ; kirsch:u_kirsch|flow:u_flow|p22_12_ ; clk          ; clk         ;
; -9.880 ; kirsch:u_kirsch|f_state_1_ ; kirsch:u_kirsch|flow:u_flow|p22_12_ ; clk          ; clk         ;
+--------+----------------------------+-------------------------------------+--------------+-------------+

Path #1: Setup slack is -9.958 (VIOLATED)
===============================================================================
+----------------------------------------------------------+
; Path Summary                                             ;
+--------------------+-------------------------------------+
; Property           ; Value                               ;
+--------------------+-------------------------------------+
; From Node          ; kirsch:u_kirsch|f_state_1_          ;
; To Node            ; kirsch:u_kirsch|flow:u_flow|p22_12_ ;
; Launch Clock       ; clk                                 ;
; Latch Clock        ; clk                                 ;
; Data Arrival Time  ; 13.924                              ;
; Data Required Time ; 3.966                               ;
; Slack              ; -9.958 (VIOLATED)                   ;
+--------------------+-------------------------------------+

+---------------------------------------------------------------------------------------+
; Statistics                                                                            ;
+---------------------------+--------+-------+-------------+------------+-------+-------+
; Property                  ; Value  ; Count ; Total Delay ; % of Total ; Min   ; Max   ;
+---------------------------+--------+-------+-------------+------------+-------+-------+
; Setup Relationship        ; 1.000  ;       ;             ;            ;       ;       ;
; Clock Skew                ; 0.000  ;       ;             ;            ;       ;       ;
; Data Delay                ; 10.996 ;       ;             ;            ;       ;       ;
; Number of Logic Levels    ;        ; 15    ;             ;            ;       ;       ;
; Physical Delays           ;        ;       ;             ;            ;       ;       ;
;  Arrival Path             ;        ;       ;             ;            ;       ;       ;
;   Clock                   ;        ;       ;             ;            ;       ;       ;
;    Clock Network (Lumped) ;        ; 1     ; 2.928       ; 100        ; 2.928 ; 2.928 ;
;   Data                    ;        ;       ;             ;            ;       ;       ;
;    IC                     ;        ; 16    ; 5.867       ; 53         ; 0.000 ; 1.441 ;
;    Cell                   ;        ; 17    ; 4.852       ; 44         ; 0.000 ; 0.517 ;
;    uTco                   ;        ; 1     ; 0.277       ; 2          ; 0.277 ; 0.277 ;
;  Required Path            ;        ;       ;             ;            ;       ;       ;
;   Clock                   ;        ;       ;             ;            ;       ;       ;
;    Clock Network (Lumped) ;        ; 1     ; 2.928       ; 100        ; 2.928 ; 2.928 ;
+---------------------------+--------+-------+-------------+------------+-------+-------+
Note: Negative delays are omitted from totals when calculating percentages

+----------------------------------------------------------------------------------------------------------------+
; Data Arrival Path                                                                                              ;
+--------+-------+----+------+--------+--------------------+-----------------------------------------------------+
; Total  ; Incr  ; RF ; Type ; Fanout ; Location           ; Element                                             ;
+--------+-------+----+------+--------+--------------------+-----------------------------------------------------+
; 0.000  ; 0.000 ;    ;      ;        ;                    ; launch edge time                                    ;
; 2.928  ; 2.928 ; R  ;      ;        ;                    ; clock network delay                                 ;
; 3.205  ; 0.277 ;    ; uTco ; 1      ; LCFF_X55_Y19_N1    ; kirsch:u_kirsch|f_state_1_                          ;
; 3.205  ; 0.000 ; RR ; CELL ; 2      ; LCFF_X55_Y19_N1    ; u_kirsch|reg_f_state_1_|regout                      ;
; 4.081  ; 0.876 ; RR ; IC   ; 1      ; LCCOMB_X57_Y19_N28 ; u_kirsch|ix57127z52924|datac                        ;
; 4.403  ; 0.322 ; RF ; CELL ; 142    ; LCCOMB_X57_Y19_N28 ; u_kirsch|ix57127z52924|combout                      ;
; 5.702  ; 1.299 ; FF ; IC   ; 1      ; LCCOMB_X56_Y18_N22 ; u_kirsch|ix20836z52959|datad                        ;
; 5.880  ; 0.178 ; FF ; CELL ; 1      ; LCCOMB_X56_Y18_N22 ; u_kirsch|ix20836z52959|combout                      ;
; 6.759  ; 0.879 ; FF ; IC   ; 2      ; LCCOMB_X57_Y19_N8  ; u_kirsch|u_flow|p12_add8_0i2|ix44952z52928|datab    ;
; 7.254  ; 0.495 ; FR ; CELL ; 1      ; LCCOMB_X57_Y19_N8  ; u_kirsch|u_flow|p12_add8_0i2|ix44952z52928|cout     ;
; 7.254  ; 0.000 ; RR ; IC   ; 2      ; LCCOMB_X57_Y19_N10 ; u_kirsch|u_flow|p12_add8_0i2|ix44952z52927|cin      ;
; 7.712  ; 0.458 ; RR ; CELL ; 1      ; LCCOMB_X57_Y19_N10 ; u_kirsch|u_flow|p12_add8_0i2|ix44952z52927|combout  ;
; 8.262  ; 0.550 ; RR ; IC   ; 2      ; LCCOMB_X58_Y19_N8  ; u_kirsch|u_flow|p12_add9_2|ix45949z52928|dataa      ;
; 8.779  ; 0.517 ; RR ; CELL ; 1      ; LCCOMB_X58_Y19_N8  ; u_kirsch|u_flow|p12_add9_2|ix45949z52928|cout       ;
; 8.779  ; 0.000 ; RR ; IC   ; 2      ; LCCOMB_X58_Y19_N10 ; u_kirsch|u_flow|p12_add9_2|ix45949z52927|cin        ;
; 8.859  ; 0.080 ; RF ; CELL ; 1      ; LCCOMB_X58_Y19_N10 ; u_kirsch|u_flow|p12_add9_2|ix45949z52927|cout       ;
; 8.859  ; 0.000 ; FF ; IC   ; 2      ; LCCOMB_X58_Y19_N12 ; u_kirsch|u_flow|p12_add9_2|ix45949z52926|cin        ;
; 9.317  ; 0.458 ; FF ; CELL ; 4      ; LCCOMB_X58_Y19_N12 ; u_kirsch|u_flow|p12_add9_2|ix45949z52926|combout    ;
; 10.758 ; 1.441 ; FF ; IC   ; 2      ; LCCOMB_X59_Y20_N16 ; u_kirsch|u_flow|p22_sub10_4i5|ix46946z52927|dataa   ;
; 11.275 ; 0.517 ; FF ; CELL ; 1      ; LCCOMB_X59_Y20_N16 ; u_kirsch|u_flow|p22_sub10_4i5|ix46946z52927|cout    ;
; 11.275 ; 0.000 ; FF ; IC   ; 2      ; LCCOMB_X59_Y20_N18 ; u_kirsch|u_flow|p22_sub10_4i5|ix46946z52926|cin     ;
; 11.355 ; 0.080 ; FR ; CELL ; 1      ; LCCOMB_X59_Y20_N18 ; u_kirsch|u_flow|p22_sub10_4i5|ix46946z52926|cout    ;
; 11.355 ; 0.000 ; RR ; IC   ; 2      ; LCCOMB_X59_Y20_N20 ; u_kirsch|u_flow|p22_sub10_4i5|ix46946z52925|cin     ;
; 11.435 ; 0.080 ; RF ; CELL ; 1      ; LCCOMB_X59_Y20_N20 ; u_kirsch|u_flow|p22_sub10_4i5|ix46946z52925|cout    ;
; 11.435 ; 0.000 ; FF ; IC   ; 2      ; LCCOMB_X59_Y20_N22 ; u_kirsch|u_flow|p22_sub10_4i5|ix46946z52923|cin     ;
; 11.515 ; 0.080 ; FR ; CELL ; 1      ; LCCOMB_X59_Y20_N22 ; u_kirsch|u_flow|p22_sub10_4i5|ix46946z52923|cout    ;
; 11.515 ; 0.000 ; RR ; IC   ; 1      ; LCCOMB_X59_Y20_N24 ; u_kirsch|u_flow|p22_sub10_4i5|ix23445z52923|cin     ;
; 11.973 ; 0.458 ; RF ; CELL ; 3      ; LCCOMB_X59_Y20_N24 ; u_kirsch|u_flow|p22_sub10_4i5|ix23445z52923|combout ;
; 12.795 ; 0.822 ; FF ; IC   ; 2      ; LCCOMB_X60_Y20_N22 ; u_kirsch|u_flow|p22_add12_4i2|ix63795z52926|datab   ;
; 13.290 ; 0.495 ; FF ; CELL ; 1      ; LCCOMB_X60_Y20_N22 ; u_kirsch|u_flow|p22_add12_4i2|ix63795z52926|cout    ;
; 13.290 ; 0.000 ; FF ; IC   ; 2      ; LCCOMB_X60_Y20_N24 ; u_kirsch|u_flow|p22_add12_4i2|ix63795z52925|cin     ;
; 13.370 ; 0.080 ; FR ; CELL ; 1      ; LCCOMB_X60_Y20_N24 ; u_kirsch|u_flow|p22_add12_4i2|ix63795z52925|cout    ;
; 13.370 ; 0.000 ; RR ; IC   ; 1      ; LCCOMB_X60_Y20_N26 ; u_kirsch|u_flow|p22_add12_4i2|ix63795z52923|cin     ;
; 13.828 ; 0.458 ; RR ; CELL ; 1      ; LCCOMB_X60_Y20_N26 ; u_kirsch|u_flow|p22_add12_4i2|ix63795z52923|combout ;
; 13.828 ; 0.000 ; RR ; IC   ; 1      ; LCFF_X60_Y20_N27   ; u_kirsch|u_flow|reg_p22_12_|datain                  ;
; 13.924 ; 0.096 ; RR ; CELL ; 1      ; LCFF_X60_Y20_N27   ; kirsch:u_kirsch|flow:u_flow|p22_12_                 ;
+--------+-------+----+------+--------+--------------------+-----------------------------------------------------+

+---------------------------------------------------------------------------------------------+
; Data Required Path                                                                          ;
+-------+-------+----+------+--------+------------------+-------------------------------------+
; Total ; Incr  ; RF ; Type ; Fanout ; Location         ; Element                             ;
+-------+-------+----+------+--------+------------------+-------------------------------------+
; 1.000 ; 1.000 ;    ;      ;        ;                  ; latch edge time                     ;
; 3.928 ; 2.928 ; R  ;      ;        ;                  ; clock network delay                 ;
; 3.966 ; 0.038 ;    ; uTsu ; 1      ; LCFF_X60_Y20_N27 ; kirsch:u_kirsch|flow:u_flow|p22_12_ ;
+-------+-------+----+------+--------+------------------+-------------------------------------+


Path #2: Setup slack is -9.954 (VIOLATED)
===============================================================================
+----------------------------------------------------------+
; Path Summary                                             ;
+--------------------+-------------------------------------+
; Property           ; Value                               ;
+--------------------+-------------------------------------+
; From Node          ; kirsch:u_kirsch|f_state_1_          ;
; To Node            ; kirsch:u_kirsch|flow:u_flow|p22_12_ ;
; Launch Clock       ; clk                                 ;
; Latch Clock        ; clk                                 ;
; Data Arrival Time  ; 13.920                              ;
; Data Required Time ; 3.966                               ;
; Slack              ; -9.954 (VIOLATED)                   ;
+--------------------+-------------------------------------+

+---------------------------------------------------------------------------------------+
; Statistics                                                                            ;
+---------------------------+--------+-------+-------------+------------+-------+-------+
; Property                  ; Value  ; Count ; Total Delay ; % of Total ; Min   ; Max   ;
+---------------------------+--------+-------+-------------+------------+-------+-------+
; Setup Relationship        ; 1.000  ;       ;             ;            ;       ;       ;
; Clock Skew                ; 0.000  ;       ;             ;            ;       ;       ;
; Data Delay                ; 10.992 ;       ;             ;            ;       ;       ;
; Number of Logic Levels    ;        ; 15    ;             ;            ;       ;       ;
; Physical Delays           ;        ;       ;             ;            ;       ;       ;
;  Arrival Path             ;        ;       ;             ;            ;       ;       ;
;   Clock                   ;        ;       ;             ;            ;       ;       ;
;    Clock Network (Lumped) ;        ; 1     ; 2.928       ; 100        ; 2.928 ; 2.928 ;
;   Data                    ;        ;       ;             ;            ;       ;       ;
;    IC                     ;        ; 16    ; 5.863       ; 53         ; 0.000 ; 1.441 ;
;    Cell                   ;        ; 17    ; 4.852       ; 44         ; 0.000 ; 0.517 ;
;    uTco                   ;        ; 1     ; 0.277       ; 2          ; 0.277 ; 0.277 ;
;  Required Path            ;        ;       ;             ;            ;       ;       ;
;   Clock                   ;        ;       ;             ;            ;       ;       ;
;    Clock Network (Lumped) ;        ; 1     ; 2.928       ; 100        ; 2.928 ; 2.928 ;
+---------------------------+--------+-------+-------------+------------+-------+-------+
Note: Negative delays are omitted from totals when calculating percentages

+----------------------------------------------------------------------------------------------------------------+
; Data Arrival Path                                                                                              ;
+--------+-------+----+------+--------+--------------------+-----------------------------------------------------+
; Total  ; Incr  ; RF ; Type ; Fanout ; Location           ; Element                                             ;
+--------+-------+----+------+--------+--------------------+-----------------------------------------------------+
; 0.000  ; 0.000 ;    ;      ;        ;                    ; launch edge time                                    ;
; 2.928  ; 2.928 ; R  ;      ;        ;                    ; clock network delay                                 ;
; 3.205  ; 0.277 ;    ; uTco ; 1      ; LCFF_X55_Y19_N1    ; kirsch:u_kirsch|f_state_1_                          ;
; 3.205  ; 0.000 ; FF ; CELL ; 2      ; LCFF_X55_Y19_N1    ; u_kirsch|reg_f_state_1_|regout                      ;
; 4.081  ; 0.876 ; FF ; IC   ; 1      ; LCCOMB_X57_Y19_N28 ; u_kirsch|ix57127z52924|datac                        ;
; 4.403  ; 0.322 ; FR ; CELL ; 142    ; LCCOMB_X57_Y19_N28 ; u_kirsch|ix57127z52924|combout                      ;
; 5.702  ; 1.299 ; RR ; IC   ; 1      ; LCCOMB_X56_Y18_N22 ; u_kirsch|ix20836z52959|datad                        ;
; 5.880  ; 0.178 ; RR ; CELL ; 1      ; LCCOMB_X56_Y18_N22 ; u_kirsch|ix20836z52959|combout                      ;
; 6.759  ; 0.879 ; RR ; IC   ; 2      ; LCCOMB_X57_Y19_N8  ; u_kirsch|u_flow|p12_add8_0i2|ix44952z52928|datab    ;
; 7.254  ; 0.495 ; RF ; CELL ; 1      ; LCCOMB_X57_Y19_N8  ; u_kirsch|u_flow|p12_add8_0i2|ix44952z52928|cout     ;
; 7.254  ; 0.000 ; FF ; IC   ; 2      ; LCCOMB_X57_Y19_N10 ; u_kirsch|u_flow|p12_add8_0i2|ix44952z52927|cin      ;
; 7.334  ; 0.080 ; FR ; CELL ; 1      ; LCCOMB_X57_Y19_N10 ; u_kirsch|u_flow|p12_add8_0i2|ix44952z52927|cout     ;
; 7.334  ; 0.000 ; RR ; IC   ; 2      ; LCCOMB_X57_Y19_N12 ; u_kirsch|u_flow|p12_add8_0i2|ix44952z52926|cin      ;
; 7.792  ; 0.458 ; RR ; CELL ; 1      ; LCCOMB_X57_Y19_N12 ; u_kirsch|u_flow|p12_add8_0i2|ix44952z52926|combout  ;
; 8.338  ; 0.546 ; RR ; IC   ; 2      ; LCCOMB_X58_Y19_N10 ; u_kirsch|u_flow|p12_add9_2|ix45949z52927|dataa      ;
; 8.855  ; 0.517 ; RF ; CELL ; 1      ; LCCOMB_X58_Y19_N10 ; u_kirsch|u_flow|p12_add9_2|ix45949z52927|cout       ;
; 8.855  ; 0.000 ; FF ; IC   ; 2      ; LCCOMB_X58_Y19_N12 ; u_kirsch|u_flow|p12_add9_2|ix45949z52926|cin        ;
; 9.313  ; 0.458 ; FF ; CELL ; 4      ; LCCOMB_X58_Y19_N12 ; u_kirsch|u_flow|p12_add9_2|ix45949z52926|combout    ;
; 10.754 ; 1.441 ; FF ; IC   ; 2      ; LCCOMB_X59_Y20_N16 ; u_kirsch|u_flow|p22_sub10_4i5|ix46946z52927|dataa   ;
; 11.271 ; 0.517 ; FF ; CELL ; 1      ; LCCOMB_X59_Y20_N16 ; u_kirsch|u_flow|p22_sub10_4i5|ix46946z52927|cout    ;
; 11.271 ; 0.000 ; FF ; IC   ; 2      ; LCCOMB_X59_Y20_N18 ; u_kirsch|u_flow|p22_sub10_4i5|ix46946z52926|cin     ;
; 11.351 ; 0.080 ; FR ; CELL ; 1      ; LCCOMB_X59_Y20_N18 ; u_kirsch|u_flow|p22_sub10_4i5|ix46946z52926|cout    ;
; 11.351 ; 0.000 ; RR ; IC   ; 2      ; LCCOMB_X59_Y20_N20 ; u_kirsch|u_flow|p22_sub10_4i5|ix46946z52925|cin     ;
; 11.431 ; 0.080 ; RF ; CELL ; 1      ; LCCOMB_X59_Y20_N20 ; u_kirsch|u_flow|p22_sub10_4i5|ix46946z52925|cout    ;
; 11.431 ; 0.000 ; FF ; IC   ; 2      ; LCCOMB_X59_Y20_N22 ; u_kirsch|u_flow|p22_sub10_4i5|ix46946z52923|cin     ;
; 11.511 ; 0.080 ; FR ; CELL ; 1      ; LCCOMB_X59_Y20_N22 ; u_kirsch|u_flow|p22_sub10_4i5|ix46946z52923|cout    ;
; 11.511 ; 0.000 ; RR ; IC   ; 1      ; LCCOMB_X59_Y20_N24 ; u_kirsch|u_flow|p22_sub10_4i5|ix23445z52923|cin     ;
; 11.969 ; 0.458 ; RF ; CELL ; 3      ; LCCOMB_X59_Y20_N24 ; u_kirsch|u_flow|p22_sub10_4i5|ix23445z52923|combout ;
; 12.791 ; 0.822 ; FF ; IC   ; 2      ; LCCOMB_X60_Y20_N22 ; u_kirsch|u_flow|p22_add12_4i2|ix63795z52926|datab   ;
; 13.286 ; 0.495 ; FF ; CELL ; 1      ; LCCOMB_X60_Y20_N22 ; u_kirsch|u_flow|p22_add12_4i2|ix63795z52926|cout    ;
; 13.286 ; 0.000 ; FF ; IC   ; 2      ; LCCOMB_X60_Y20_N24 ; u_kirsch|u_flow|p22_add12_4i2|ix63795z52925|cin     ;
; 13.366 ; 0.080 ; FR ; CELL ; 1      ; LCCOMB_X60_Y20_N24 ; u_kirsch|u_flow|p22_add12_4i2|ix63795z52925|cout    ;
; 13.366 ; 0.000 ; RR ; IC   ; 1      ; LCCOMB_X60_Y20_N26 ; u_kirsch|u_flow|p22_add12_4i2|ix63795z52923|cin     ;
; 13.824 ; 0.458 ; RR ; CELL ; 1      ; LCCOMB_X60_Y20_N26 ; u_kirsch|u_flow|p22_add12_4i2|ix63795z52923|combout ;
; 13.824 ; 0.000 ; RR ; IC   ; 1      ; LCFF_X60_Y20_N27   ; u_kirsch|u_flow|reg_p22_12_|datain                  ;
; 13.920 ; 0.096 ; RR ; CELL ; 1      ; LCFF_X60_Y20_N27   ; kirsch:u_kirsch|flow:u_flow|p22_12_                 ;
+--------+-------+----+------+--------+--------------------+-----------------------------------------------------+

+---------------------------------------------------------------------------------------------+
; Data Required Path                                                                          ;
+-------+-------+----+------+--------+------------------+-------------------------------------+
; Total ; Incr  ; RF ; Type ; Fanout ; Location         ; Element                             ;
+-------+-------+----+------+--------+------------------+-------------------------------------+
; 1.000 ; 1.000 ;    ;      ;        ;                  ; latch edge time                     ;
; 3.928 ; 2.928 ; R  ;      ;        ;                  ; clock network delay                 ;
; 3.966 ; 0.038 ;    ; uTsu ; 1      ; LCFF_X60_Y20_N27 ; kirsch:u_kirsch|flow:u_flow|p22_12_ ;
+-------+-------+----+------+--------+------------------+-------------------------------------+


Path #3: Setup slack is -9.947 (VIOLATED)
===============================================================================
+----------------------------------------------------------+
; Path Summary                                             ;
+--------------------+-------------------------------------+
; Property           ; Value                               ;
+--------------------+-------------------------------------+
; From Node          ; kirsch:u_kirsch|f_state_1_          ;
; To Node            ; kirsch:u_kirsch|flow:u_flow|p22_12_ ;
; Launch Clock       ; clk                                 ;
; Latch Clock        ; clk                                 ;
; Data Arrival Time  ; 13.913                              ;
; Data Required Time ; 3.966                               ;
; Slack              ; -9.947 (VIOLATED)                   ;
+--------------------+-------------------------------------+

+---------------------------------------------------------------------------------------+
; Statistics                                                                            ;
+---------------------------+--------+-------+-------------+------------+-------+-------+
; Property                  ; Value  ; Count ; Total Delay ; % of Total ; Min   ; Max   ;
+---------------------------+--------+-------+-------------+------------+-------+-------+
; Setup Relationship        ; 1.000  ;       ;             ;            ;       ;       ;
; Clock Skew                ; 0.000  ;       ;             ;            ;       ;       ;
; Data Delay                ; 10.985 ;       ;             ;            ;       ;       ;
; Number of Logic Levels    ;        ; 15    ;             ;            ;       ;       ;
; Physical Delays           ;        ;       ;             ;            ;       ;       ;
;  Arrival Path             ;        ;       ;             ;            ;       ;       ;
;   Clock                   ;        ;       ;             ;            ;       ;       ;
;    Clock Network (Lumped) ;        ; 1     ; 2.928       ; 100        ; 2.928 ; 2.928 ;
;   Data                    ;        ;       ;             ;            ;       ;       ;
;    IC                     ;        ; 16    ; 5.834       ; 53         ; 0.000 ; 1.441 ;
;    Cell                   ;        ; 17    ; 4.874       ; 44         ; 0.000 ; 0.517 ;
;    uTco                   ;        ; 1     ; 0.277       ; 2          ; 0.277 ; 0.277 ;
;  Required Path            ;        ;       ;             ;            ;       ;       ;
;   Clock                   ;        ;       ;             ;            ;       ;       ;
;    Clock Network (Lumped) ;        ; 1     ; 2.928       ; 100        ; 2.928 ; 2.928 ;
+---------------------------+--------+-------+-------------+------------+-------+-------+
Note: Negative delays are omitted from totals when calculating percentages

+----------------------------------------------------------------------------------------------------------------+
; Data Arrival Path                                                                                              ;
+--------+-------+----+------+--------+--------------------+-----------------------------------------------------+
; Total  ; Incr  ; RF ; Type ; Fanout ; Location           ; Element                                             ;
+--------+-------+----+------+--------+--------------------+-----------------------------------------------------+
; 0.000  ; 0.000 ;    ;      ;        ;                    ; launch edge time                                    ;
; 2.928  ; 2.928 ; R  ;      ;        ;                    ; clock network delay                                 ;
; 3.205  ; 0.277 ;    ; uTco ; 1      ; LCFF_X55_Y19_N1    ; kirsch:u_kirsch|f_state_1_                          ;
; 3.205  ; 0.000 ; RR ; CELL ; 2      ; LCFF_X55_Y19_N1    ; u_kirsch|reg_f_state_1_|regout                      ;
; 4.081  ; 0.876 ; RR ; IC   ; 1      ; LCCOMB_X57_Y19_N28 ; u_kirsch|ix57127z52924|datac                        ;
; 4.403  ; 0.322 ; RF ; CELL ; 142    ; LCCOMB_X57_Y19_N28 ; u_kirsch|ix57127z52924|combout                      ;
; 5.706  ; 1.303 ; FF ; IC   ; 1      ; LCCOMB_X56_Y18_N2  ; u_kirsch|ix20836z52951|datad                        ;
; 5.884  ; 0.178 ; FF ; CELL ; 1      ; LCCOMB_X56_Y18_N2  ; u_kirsch|ix20836z52951|combout                      ;
; 6.726  ; 0.842 ; FF ; IC   ; 2      ; LCCOMB_X57_Y19_N8  ; u_kirsch|u_flow|p12_add8_0i2|ix44952z52928|dataa    ;
; 7.243  ; 0.517 ; FR ; CELL ; 1      ; LCCOMB_X57_Y19_N8  ; u_kirsch|u_flow|p12_add8_0i2|ix44952z52928|cout     ;
; 7.243  ; 0.000 ; RR ; IC   ; 2      ; LCCOMB_X57_Y19_N10 ; u_kirsch|u_flow|p12_add8_0i2|ix44952z52927|cin      ;
; 7.701  ; 0.458 ; RR ; CELL ; 1      ; LCCOMB_X57_Y19_N10 ; u_kirsch|u_flow|p12_add8_0i2|ix44952z52927|combout  ;
; 8.251  ; 0.550 ; RR ; IC   ; 2      ; LCCOMB_X58_Y19_N8  ; u_kirsch|u_flow|p12_add9_2|ix45949z52928|dataa      ;
; 8.768  ; 0.517 ; RR ; CELL ; 1      ; LCCOMB_X58_Y19_N8  ; u_kirsch|u_flow|p12_add9_2|ix45949z52928|cout       ;
; 8.768  ; 0.000 ; RR ; IC   ; 2      ; LCCOMB_X58_Y19_N10 ; u_kirsch|u_flow|p12_add9_2|ix45949z52927|cin        ;
; 8.848  ; 0.080 ; RF ; CELL ; 1      ; LCCOMB_X58_Y19_N10 ; u_kirsch|u_flow|p12_add9_2|ix45949z52927|cout       ;
; 8.848  ; 0.000 ; FF ; IC   ; 2      ; LCCOMB_X58_Y19_N12 ; u_kirsch|u_flow|p12_add9_2|ix45949z52926|cin        ;
; 9.306  ; 0.458 ; FF ; CELL ; 4      ; LCCOMB_X58_Y19_N12 ; u_kirsch|u_flow|p12_add9_2|ix45949z52926|combout    ;
; 10.747 ; 1.441 ; FF ; IC   ; 2      ; LCCOMB_X59_Y20_N16 ; u_kirsch|u_flow|p22_sub10_4i5|ix46946z52927|dataa   ;
; 11.264 ; 0.517 ; FF ; CELL ; 1      ; LCCOMB_X59_Y20_N16 ; u_kirsch|u_flow|p22_sub10_4i5|ix46946z52927|cout    ;
; 11.264 ; 0.000 ; FF ; IC   ; 2      ; LCCOMB_X59_Y20_N18 ; u_kirsch|u_flow|p22_sub10_4i5|ix46946z52926|cin     ;
; 11.344 ; 0.080 ; FR ; CELL ; 1      ; LCCOMB_X59_Y20_N18 ; u_kirsch|u_flow|p22_sub10_4i5|ix46946z52926|cout    ;
; 11.344 ; 0.000 ; RR ; IC   ; 2      ; LCCOMB_X59_Y20_N20 ; u_kirsch|u_flow|p22_sub10_4i5|ix46946z52925|cin     ;
; 11.424 ; 0.080 ; RF ; CELL ; 1      ; LCCOMB_X59_Y20_N20 ; u_kirsch|u_flow|p22_sub10_4i5|ix46946z52925|cout    ;
; 11.424 ; 0.000 ; FF ; IC   ; 2      ; LCCOMB_X59_Y20_N22 ; u_kirsch|u_flow|p22_sub10_4i5|ix46946z52923|cin     ;
; 11.504 ; 0.080 ; FR ; CELL ; 1      ; LCCOMB_X59_Y20_N22 ; u_kirsch|u_flow|p22_sub10_4i5|ix46946z52923|cout    ;
; 11.504 ; 0.000 ; RR ; IC   ; 1      ; LCCOMB_X59_Y20_N24 ; u_kirsch|u_flow|p22_sub10_4i5|ix23445z52923|cin     ;
; 11.962 ; 0.458 ; RF ; CELL ; 3      ; LCCOMB_X59_Y20_N24 ; u_kirsch|u_flow|p22_sub10_4i5|ix23445z52923|combout ;
; 12.784 ; 0.822 ; FF ; IC   ; 2      ; LCCOMB_X60_Y20_N22 ; u_kirsch|u_flow|p22_add12_4i2|ix63795z52926|datab   ;
; 13.279 ; 0.495 ; FF ; CELL ; 1      ; LCCOMB_X60_Y20_N22 ; u_kirsch|u_flow|p22_add12_4i2|ix63795z52926|cout    ;
; 13.279 ; 0.000 ; FF ; IC   ; 2      ; LCCOMB_X60_Y20_N24 ; u_kirsch|u_flow|p22_add12_4i2|ix63795z52925|cin     ;
; 13.359 ; 0.080 ; FR ; CELL ; 1      ; LCCOMB_X60_Y20_N24 ; u_kirsch|u_flow|p22_add12_4i2|ix63795z52925|cout    ;
; 13.359 ; 0.000 ; RR ; IC   ; 1      ; LCCOMB_X60_Y20_N26 ; u_kirsch|u_flow|p22_add12_4i2|ix63795z52923|cin     ;
; 13.817 ; 0.458 ; RR ; CELL ; 1      ; LCCOMB_X60_Y20_N26 ; u_kirsch|u_flow|p22_add12_4i2|ix63795z52923|combout ;
; 13.817 ; 0.000 ; RR ; IC   ; 1      ; LCFF_X60_Y20_N27   ; u_kirsch|u_flow|reg_p22_12_|datain                  ;
; 13.913 ; 0.096 ; RR ; CELL ; 1      ; LCFF_X60_Y20_N27   ; kirsch:u_kirsch|flow:u_flow|p22_12_                 ;
+--------+-------+----+------+--------+--------------------+-----------------------------------------------------+

+---------------------------------------------------------------------------------------------+
; Data Required Path                                                                          ;
+-------+-------+----+------+--------+------------------+-------------------------------------+
; Total ; Incr  ; RF ; Type ; Fanout ; Location         ; Element                             ;
+-------+-------+----+------+--------+------------------+-------------------------------------+
; 1.000 ; 1.000 ;    ;      ;        ;                  ; latch edge time                     ;
; 3.928 ; 2.928 ; R  ;      ;        ;                  ; clock network delay                 ;
; 3.966 ; 0.038 ;    ; uTsu ; 1      ; LCFF_X60_Y20_N27 ; kirsch:u_kirsch|flow:u_flow|p22_12_ ;
+-------+-------+----+------+--------+------------------+-------------------------------------+


Path #4: Setup slack is -9.943 (VIOLATED)
===============================================================================
+----------------------------------------------------------+
; Path Summary                                             ;
+--------------------+-------------------------------------+
; Property           ; Value                               ;
+--------------------+-------------------------------------+
; From Node          ; kirsch:u_kirsch|f_state_1_          ;
; To Node            ; kirsch:u_kirsch|flow:u_flow|p22_12_ ;
; Launch Clock       ; clk                                 ;
; Latch Clock        ; clk                                 ;
; Data Arrival Time  ; 13.909                              ;
; Data Required Time ; 3.966                               ;
; Slack              ; -9.943 (VIOLATED)                   ;
+--------------------+-------------------------------------+

+---------------------------------------------------------------------------------------+
; Statistics                                                                            ;
+---------------------------+--------+-------+-------------+------------+-------+-------+
; Property                  ; Value  ; Count ; Total Delay ; % of Total ; Min   ; Max   ;
+---------------------------+--------+-------+-------------+------------+-------+-------+
; Setup Relationship        ; 1.000  ;       ;             ;            ;       ;       ;
; Clock Skew                ; 0.000  ;       ;             ;            ;       ;       ;
; Data Delay                ; 10.981 ;       ;             ;            ;       ;       ;
; Number of Logic Levels    ;        ; 15    ;             ;            ;       ;       ;
; Physical Delays           ;        ;       ;             ;            ;       ;       ;
;  Arrival Path             ;        ;       ;             ;            ;       ;       ;
;   Clock                   ;        ;       ;             ;            ;       ;       ;
;    Clock Network (Lumped) ;        ; 1     ; 2.928       ; 100        ; 2.928 ; 2.928 ;
;   Data                    ;        ;       ;             ;            ;       ;       ;
;    IC                     ;        ; 16    ; 5.830       ; 53         ; 0.000 ; 1.441 ;
;    Cell                   ;        ; 17    ; 4.874       ; 44         ; 0.000 ; 0.517 ;
;    uTco                   ;        ; 1     ; 0.277       ; 2          ; 0.277 ; 0.277 ;
;  Required Path            ;        ;       ;             ;            ;       ;       ;
;   Clock                   ;        ;       ;             ;            ;       ;       ;
;    Clock Network (Lumped) ;        ; 1     ; 2.928       ; 100        ; 2.928 ; 2.928 ;
+---------------------------+--------+-------+-------------+------------+-------+-------+
Note: Negative delays are omitted from totals when calculating percentages

+----------------------------------------------------------------------------------------------------------------+
; Data Arrival Path                                                                                              ;
+--------+-------+----+------+--------+--------------------+-----------------------------------------------------+
; Total  ; Incr  ; RF ; Type ; Fanout ; Location           ; Element                                             ;
+--------+-------+----+------+--------+--------------------+-----------------------------------------------------+
; 0.000  ; 0.000 ;    ;      ;        ;                    ; launch edge time                                    ;
; 2.928  ; 2.928 ; R  ;      ;        ;                    ; clock network delay                                 ;
; 3.205  ; 0.277 ;    ; uTco ; 1      ; LCFF_X55_Y19_N1    ; kirsch:u_kirsch|f_state_1_                          ;
; 3.205  ; 0.000 ; FF ; CELL ; 2      ; LCFF_X55_Y19_N1    ; u_kirsch|reg_f_state_1_|regout                      ;
; 4.081  ; 0.876 ; FF ; IC   ; 1      ; LCCOMB_X57_Y19_N28 ; u_kirsch|ix57127z52924|datac                        ;
; 4.403  ; 0.322 ; FR ; CELL ; 142    ; LCCOMB_X57_Y19_N28 ; u_kirsch|ix57127z52924|combout                      ;
; 5.706  ; 1.303 ; RR ; IC   ; 1      ; LCCOMB_X56_Y18_N2  ; u_kirsch|ix20836z52951|datad                        ;
; 5.884  ; 0.178 ; RR ; CELL ; 1      ; LCCOMB_X56_Y18_N2  ; u_kirsch|ix20836z52951|combout                      ;
; 6.726  ; 0.842 ; RR ; IC   ; 2      ; LCCOMB_X57_Y19_N8  ; u_kirsch|u_flow|p12_add8_0i2|ix44952z52928|dataa    ;
; 7.243  ; 0.517 ; RF ; CELL ; 1      ; LCCOMB_X57_Y19_N8  ; u_kirsch|u_flow|p12_add8_0i2|ix44952z52928|cout     ;
; 7.243  ; 0.000 ; FF ; IC   ; 2      ; LCCOMB_X57_Y19_N10 ; u_kirsch|u_flow|p12_add8_0i2|ix44952z52927|cin      ;
; 7.323  ; 0.080 ; FR ; CELL ; 1      ; LCCOMB_X57_Y19_N10 ; u_kirsch|u_flow|p12_add8_0i2|ix44952z52927|cout     ;
; 7.323  ; 0.000 ; RR ; IC   ; 2      ; LCCOMB_X57_Y19_N12 ; u_kirsch|u_flow|p12_add8_0i2|ix44952z52926|cin      ;
; 7.781  ; 0.458 ; RR ; CELL ; 1      ; LCCOMB_X57_Y19_N12 ; u_kirsch|u_flow|p12_add8_0i2|ix44952z52926|combout  ;
; 8.327  ; 0.546 ; RR ; IC   ; 2      ; LCCOMB_X58_Y19_N10 ; u_kirsch|u_flow|p12_add9_2|ix45949z52927|dataa      ;
; 8.844  ; 0.517 ; RF ; CELL ; 1      ; LCCOMB_X58_Y19_N10 ; u_kirsch|u_flow|p12_add9_2|ix45949z52927|cout       ;
; 8.844  ; 0.000 ; FF ; IC   ; 2      ; LCCOMB_X58_Y19_N12 ; u_kirsch|u_flow|p12_add9_2|ix45949z52926|cin        ;
; 9.302  ; 0.458 ; FF ; CELL ; 4      ; LCCOMB_X58_Y19_N12 ; u_kirsch|u_flow|p12_add9_2|ix45949z52926|combout    ;
; 10.743 ; 1.441 ; FF ; IC   ; 2      ; LCCOMB_X59_Y20_N16 ; u_kirsch|u_flow|p22_sub10_4i5|ix46946z52927|dataa   ;
; 11.260 ; 0.517 ; FF ; CELL ; 1      ; LCCOMB_X59_Y20_N16 ; u_kirsch|u_flow|p22_sub10_4i5|ix46946z52927|cout    ;
; 11.260 ; 0.000 ; FF ; IC   ; 2      ; LCCOMB_X59_Y20_N18 ; u_kirsch|u_flow|p22_sub10_4i5|ix46946z52926|cin     ;
; 11.340 ; 0.080 ; FR ; CELL ; 1      ; LCCOMB_X59_Y20_N18 ; u_kirsch|u_flow|p22_sub10_4i5|ix46946z52926|cout    ;
; 11.340 ; 0.000 ; RR ; IC   ; 2      ; LCCOMB_X59_Y20_N20 ; u_kirsch|u_flow|p22_sub10_4i5|ix46946z52925|cin     ;
; 11.420 ; 0.080 ; RF ; CELL ; 1      ; LCCOMB_X59_Y20_N20 ; u_kirsch|u_flow|p22_sub10_4i5|ix46946z52925|cout    ;
; 11.420 ; 0.000 ; FF ; IC   ; 2      ; LCCOMB_X59_Y20_N22 ; u_kirsch|u_flow|p22_sub10_4i5|ix46946z52923|cin     ;
; 11.500 ; 0.080 ; FR ; CELL ; 1      ; LCCOMB_X59_Y20_N22 ; u_kirsch|u_flow|p22_sub10_4i5|ix46946z52923|cout    ;
; 11.500 ; 0.000 ; RR ; IC   ; 1      ; LCCOMB_X59_Y20_N24 ; u_kirsch|u_flow|p22_sub10_4i5|ix23445z52923|cin     ;
; 11.958 ; 0.458 ; RF ; CELL ; 3      ; LCCOMB_X59_Y20_N24 ; u_kirsch|u_flow|p22_sub10_4i5|ix23445z52923|combout ;
; 12.780 ; 0.822 ; FF ; IC   ; 2      ; LCCOMB_X60_Y20_N22 ; u_kirsch|u_flow|p22_add12_4i2|ix63795z52926|datab   ;
; 13.275 ; 0.495 ; FF ; CELL ; 1      ; LCCOMB_X60_Y20_N22 ; u_kirsch|u_flow|p22_add12_4i2|ix63795z52926|cout    ;
; 13.275 ; 0.000 ; FF ; IC   ; 2      ; LCCOMB_X60_Y20_N24 ; u_kirsch|u_flow|p22_add12_4i2|ix63795z52925|cin     ;
; 13.355 ; 0.080 ; FR ; CELL ; 1      ; LCCOMB_X60_Y20_N24 ; u_kirsch|u_flow|p22_add12_4i2|ix63795z52925|cout    ;
; 13.355 ; 0.000 ; RR ; IC   ; 1      ; LCCOMB_X60_Y20_N26 ; u_kirsch|u_flow|p22_add12_4i2|ix63795z52923|cin     ;
; 13.813 ; 0.458 ; RR ; CELL ; 1      ; LCCOMB_X60_Y20_N26 ; u_kirsch|u_flow|p22_add12_4i2|ix63795z52923|combout ;
; 13.813 ; 0.000 ; RR ; IC   ; 1      ; LCFF_X60_Y20_N27   ; u_kirsch|u_flow|reg_p22_12_|datain                  ;
; 13.909 ; 0.096 ; RR ; CELL ; 1      ; LCFF_X60_Y20_N27   ; kirsch:u_kirsch|flow:u_flow|p22_12_                 ;
+--------+-------+----+------+--------+--------------------+-----------------------------------------------------+

+---------------------------------------------------------------------------------------------+
; Data Required Path                                                                          ;
+-------+-------+----+------+--------+------------------+-------------------------------------+
; Total ; Incr  ; RF ; Type ; Fanout ; Location         ; Element                             ;
+-------+-------+----+------+--------+------------------+-------------------------------------+
; 1.000 ; 1.000 ;    ;      ;        ;                  ; latch edge time                     ;
; 3.928 ; 2.928 ; R  ;      ;        ;                  ; clock network delay                 ;
; 3.966 ; 0.038 ;    ; uTsu ; 1      ; LCFF_X60_Y20_N27 ; kirsch:u_kirsch|flow:u_flow|p22_12_ ;
+-------+-------+----+------+--------+------------------+-------------------------------------+


Path #5: Setup slack is -9.880 (VIOLATED)
===============================================================================
+----------------------------------------------------------+
; Path Summary                                             ;
+--------------------+-------------------------------------+
; Property           ; Value                               ;
+--------------------+-------------------------------------+
; From Node          ; kirsch:u_kirsch|f_state_1_          ;
; To Node            ; kirsch:u_kirsch|flow:u_flow|p22_12_ ;
; Launch Clock       ; clk                                 ;
; Latch Clock        ; clk                                 ;
; Data Arrival Time  ; 13.846                              ;
; Data Required Time ; 3.966                               ;
; Slack              ; -9.880 (VIOLATED)                   ;
+--------------------+-------------------------------------+

+---------------------------------------------------------------------------------------+
; Statistics                                                                            ;
+---------------------------+--------+-------+-------------+------------+-------+-------+
; Property                  ; Value  ; Count ; Total Delay ; % of Total ; Min   ; Max   ;
+---------------------------+--------+-------+-------------+------------+-------+-------+
; Setup Relationship        ; 1.000  ;       ;             ;            ;       ;       ;
; Clock Skew                ; 0.000  ;       ;             ;            ;       ;       ;
; Data Delay                ; 10.918 ;       ;             ;            ;       ;       ;
; Number of Logic Levels    ;        ; 14    ;             ;            ;       ;       ;
; Physical Delays           ;        ;       ;             ;            ;       ;       ;
;  Arrival Path             ;        ;       ;             ;            ;       ;       ;
;   Clock                   ;        ;       ;             ;            ;       ;       ;
;    Clock Network (Lumped) ;        ; 1     ; 2.928       ; 100        ; 2.928 ; 2.928 ;
;   Data                    ;        ;       ;             ;            ;       ;       ;
;    IC                     ;        ; 15    ; 5.869       ; 53         ; 0.000 ; 1.441 ;
;    Cell                   ;        ; 16    ; 4.772       ; 43         ; 0.000 ; 0.517 ;
;    uTco                   ;        ; 1     ; 0.277       ; 2          ; 0.277 ; 0.277 ;
;  Required Path            ;        ;       ;             ;            ;       ;       ;
;   Clock                   ;        ;       ;             ;            ;       ;       ;
;    Clock Network (Lumped) ;        ; 1     ; 2.928       ; 100        ; 2.928 ; 2.928 ;
+---------------------------+--------+-------+-------------+------------+-------+-------+
Note: Negative delays are omitted from totals when calculating percentages

+----------------------------------------------------------------------------------------------------------------+
; Data Arrival Path                                                                                              ;
+--------+-------+----+------+--------+--------------------+-----------------------------------------------------+
; Total  ; Incr  ; RF ; Type ; Fanout ; Location           ; Element                                             ;
+--------+-------+----+------+--------+--------------------+-----------------------------------------------------+
; 0.000  ; 0.000 ;    ;      ;        ;                    ; launch edge time                                    ;
; 2.928  ; 2.928 ; R  ;      ;        ;                    ; clock network delay                                 ;
; 3.205  ; 0.277 ;    ; uTco ; 1      ; LCFF_X55_Y19_N1    ; kirsch:u_kirsch|f_state_1_                          ;
; 3.205  ; 0.000 ; RR ; CELL ; 2      ; LCFF_X55_Y19_N1    ; u_kirsch|reg_f_state_1_|regout                      ;
; 4.081  ; 0.876 ; RR ; IC   ; 1      ; LCCOMB_X57_Y19_N28 ; u_kirsch|ix57127z52924|datac                        ;
; 4.403  ; 0.322 ; RF ; CELL ; 142    ; LCCOMB_X57_Y19_N28 ; u_kirsch|ix57127z52924|combout                      ;
; 5.702  ; 1.299 ; FF ; IC   ; 1      ; LCCOMB_X56_Y18_N22 ; u_kirsch|ix20836z52959|datad                        ;
; 5.880  ; 0.178 ; FF ; CELL ; 1      ; LCCOMB_X56_Y18_N22 ; u_kirsch|ix20836z52959|combout                      ;
; 6.759  ; 0.879 ; FF ; IC   ; 2      ; LCCOMB_X57_Y19_N8  ; u_kirsch|u_flow|p12_add8_0i2|ix44952z52928|datab    ;
; 7.254  ; 0.495 ; FR ; CELL ; 1      ; LCCOMB_X57_Y19_N8  ; u_kirsch|u_flow|p12_add8_0i2|ix44952z52928|cout     ;
; 7.254  ; 0.000 ; RR ; IC   ; 2      ; LCCOMB_X57_Y19_N10 ; u_kirsch|u_flow|p12_add8_0i2|ix44952z52927|cin      ;
; 7.712  ; 0.458 ; RR ; CELL ; 1      ; LCCOMB_X57_Y19_N10 ; u_kirsch|u_flow|p12_add8_0i2|ix44952z52927|combout  ;
; 8.262  ; 0.550 ; RR ; IC   ; 2      ; LCCOMB_X58_Y19_N8  ; u_kirsch|u_flow|p12_add9_2|ix45949z52928|dataa      ;
; 8.779  ; 0.517 ; RR ; CELL ; 1      ; LCCOMB_X58_Y19_N8  ; u_kirsch|u_flow|p12_add9_2|ix45949z52928|cout       ;
; 8.779  ; 0.000 ; RR ; IC   ; 2      ; LCCOMB_X58_Y19_N10 ; u_kirsch|u_flow|p12_add9_2|ix45949z52927|cin        ;
; 8.859  ; 0.080 ; RF ; CELL ; 1      ; LCCOMB_X58_Y19_N10 ; u_kirsch|u_flow|p12_add9_2|ix45949z52927|cout       ;
; 8.859  ; 0.000 ; FF ; IC   ; 2      ; LCCOMB_X58_Y19_N12 ; u_kirsch|u_flow|p12_add9_2|ix45949z52926|cin        ;
; 9.317  ; 0.458 ; FF ; CELL ; 4      ; LCCOMB_X58_Y19_N12 ; u_kirsch|u_flow|p12_add9_2|ix45949z52926|combout    ;
; 10.758 ; 1.441 ; FF ; IC   ; 2      ; LCCOMB_X59_Y20_N16 ; u_kirsch|u_flow|p22_sub10_4i5|ix46946z52927|dataa   ;
; 11.275 ; 0.517 ; FF ; CELL ; 1      ; LCCOMB_X59_Y20_N16 ; u_kirsch|u_flow|p22_sub10_4i5|ix46946z52927|cout    ;
; 11.275 ; 0.000 ; FF ; IC   ; 2      ; LCCOMB_X59_Y20_N18 ; u_kirsch|u_flow|p22_sub10_4i5|ix46946z52926|cin     ;
; 11.355 ; 0.080 ; FR ; CELL ; 1      ; LCCOMB_X59_Y20_N18 ; u_kirsch|u_flow|p22_sub10_4i5|ix46946z52926|cout    ;
; 11.355 ; 0.000 ; RR ; IC   ; 2      ; LCCOMB_X59_Y20_N20 ; u_kirsch|u_flow|p22_sub10_4i5|ix46946z52925|cin     ;
; 11.435 ; 0.080 ; RF ; CELL ; 1      ; LCCOMB_X59_Y20_N20 ; u_kirsch|u_flow|p22_sub10_4i5|ix46946z52925|cout    ;
; 11.435 ; 0.000 ; FF ; IC   ; 2      ; LCCOMB_X59_Y20_N22 ; u_kirsch|u_flow|p22_sub10_4i5|ix46946z52923|cin     ;
; 11.515 ; 0.080 ; FR ; CELL ; 1      ; LCCOMB_X59_Y20_N22 ; u_kirsch|u_flow|p22_sub10_4i5|ix46946z52923|cout    ;
; 11.515 ; 0.000 ; RR ; IC   ; 1      ; LCCOMB_X59_Y20_N24 ; u_kirsch|u_flow|p22_sub10_4i5|ix23445z52923|cin     ;
; 11.973 ; 0.458 ; RF ; CELL ; 3      ; LCCOMB_X59_Y20_N24 ; u_kirsch|u_flow|p22_sub10_4i5|ix23445z52923|combout ;
; 12.797 ; 0.824 ; FF ; IC   ; 2      ; LCCOMB_X60_Y20_N24 ; u_kirsch|u_flow|p22_add12_4i2|ix63795z52925|datab   ;
; 13.292 ; 0.495 ; FR ; CELL ; 1      ; LCCOMB_X60_Y20_N24 ; u_kirsch|u_flow|p22_add12_4i2|ix63795z52925|cout    ;
; 13.292 ; 0.000 ; RR ; IC   ; 1      ; LCCOMB_X60_Y20_N26 ; u_kirsch|u_flow|p22_add12_4i2|ix63795z52923|cin     ;
; 13.750 ; 0.458 ; RR ; CELL ; 1      ; LCCOMB_X60_Y20_N26 ; u_kirsch|u_flow|p22_add12_4i2|ix63795z52923|combout ;
; 13.750 ; 0.000 ; RR ; IC   ; 1      ; LCFF_X60_Y20_N27   ; u_kirsch|u_flow|reg_p22_12_|datain                  ;
; 13.846 ; 0.096 ; RR ; CELL ; 1      ; LCFF_X60_Y20_N27   ; kirsch:u_kirsch|flow:u_flow|p22_12_                 ;
+--------+-------+----+------+--------+--------------------+-----------------------------------------------------+

+---------------------------------------------------------------------------------------------+
; Data Required Path                                                                          ;
+-------+-------+----+------+--------+------------------+-------------------------------------+
; Total ; Incr  ; RF ; Type ; Fanout ; Location         ; Element                             ;
+-------+-------+----+------+--------+------------------+-------------------------------------+
; 1.000 ; 1.000 ;    ;      ;        ;                  ; latch edge time                     ;
; 3.928 ; 2.928 ; R  ;      ;        ;                  ; clock network delay                 ;
; 3.966 ; 0.038 ;    ; uTsu ; 1      ; LCFF_X60_Y20_N27 ; kirsch:u_kirsch|flow:u_flow|p22_12_ ;
+-------+-------+----+------+--------+------------------+-------------------------------------+


