----------------
; Command Info ;
----------------
Report Timing: Found 5 setup paths (5 violated).  Worst case slack is -2.904 

Tcl Command:
    report_timing -setup -npaths 5 -detail path_only -file {timing_chip_path.rpt} 

Options:
    -setup 
    -npaths 5 
    -detail path_only 
    -file {timing_chip_path.rpt} 


+--------------------------------------------------------------------------------------------------------+
; Summary of Paths                                                                                       ;
+--------+------------------------------------------------------+-----------+--------------+-------------+
; Slack  ; From Node                                            ; To Node   ; Launch Clock ; Latch Clock ;
+--------+------------------------------------------------------+-----------+--------------+-------------+
; -2.904 ; modgen_counter_8_1:modgen_counter_o_column|nx58250z5 ; nx17332z1 ; i_clock      ; i_clock     ;
; -2.904 ; modgen_counter_8_1:modgen_counter_o_column|nx58250z5 ; nx18329z1 ; i_clock      ; i_clock     ;
; -2.904 ; modgen_counter_8_1:modgen_counter_o_column|nx58250z5 ; nx19326z1 ; i_clock      ; i_clock     ;
; -2.904 ; modgen_counter_8_1:modgen_counter_o_column|nx58250z5 ; nx20323z1 ; i_clock      ; i_clock     ;
; -2.741 ; modgen_counter_8_1:modgen_counter_o_column|nx58250z5 ; nx16335z1 ; i_clock      ; i_clock     ;
+--------+------------------------------------------------------+-----------+--------------+-------------+

Path #1: Setup slack is -2.904 (VIOLATED)
===============================================================================
+---------------------------------------------------------------------------+
; Path Summary                                                              ;
+--------------------+------------------------------------------------------+
; Property           ; Value                                                ;
+--------------------+------------------------------------------------------+
; From Node          ; modgen_counter_8_1:modgen_counter_o_column|nx58250z5 ;
; To Node            ; nx17332z1                                            ;
; Launch Clock       ; i_clock                                              ;
; Latch Clock        ; i_clock                                              ;
; Data Arrival Time  ; 6.883                                                ;
; Data Required Time ; 3.979                                                ;
; Slack              ; -2.904 (VIOLATED)                                    ;
+--------------------+------------------------------------------------------+

+--------------------------------------------------------------------------------------+
; Statistics                                                                           ;
+---------------------------+-------+-------+-------------+------------+-------+-------+
; Property                  ; Value ; Count ; Total Delay ; % of Total ; Min   ; Max   ;
+---------------------------+-------+-------+-------------+------------+-------+-------+
; Setup Relationship        ; 1.000 ;       ;             ;            ;       ;       ;
; Clock Skew                ; 0.001 ;       ;             ;            ;       ;       ;
; Data Delay                ; 3.943 ;       ;             ;            ;       ;       ;
; Number of Logic Levels    ;       ; 3     ;             ;            ;       ;       ;
; Physical Delays           ;       ;       ;             ;            ;       ;       ;
;  Arrival Path             ;       ;       ;             ;            ;       ;       ;
;   Clock                   ;       ;       ;             ;            ;       ;       ;
;    Clock Network (Lumped) ;       ; 1     ; 2.940       ; 100        ; 2.940 ; 2.940 ;
;   Data                    ;       ;       ;             ;            ;       ;       ;
;    IC                     ;       ; 4     ; 1.917       ; 48         ; 0.298 ; 0.877 ;
;    Cell                   ;       ; 5     ; 1.749       ; 44         ; 0.000 ; 0.758 ;
;    uTco                   ;       ; 1     ; 0.277       ; 7          ; 0.277 ; 0.277 ;
;  Required Path            ;       ;       ;             ;            ;       ;       ;
;   Clock                   ;       ;       ;             ;            ;       ;       ;
;    Clock Network (Lumped) ;       ; 1     ; 2.941       ; 100        ; 2.941 ; 2.941 ;
+---------------------------+-------+-------+-------------+------------+-------+-------+
Note: Negative delays are omitted from totals when calculating percentages

+----------------------------------------------------------------------------------------------------------------+
; Data Arrival Path                                                                                              ;
+-------+-------+----+------+--------+--------------------+------------------------------------------------------+
; Total ; Incr  ; RF ; Type ; Fanout ; Location           ; Element                                              ;
+-------+-------+----+------+--------+--------------------+------------------------------------------------------+
; 0.000 ; 0.000 ;    ;      ;        ;                    ; launch edge time                                     ;
; 2.940 ; 2.940 ; R  ;      ;        ;                    ; clock network delay                                  ;
; 3.217 ; 0.277 ;    ; uTco ; 1      ; LCFF_X27_Y35_N15   ; modgen_counter_8_1:modgen_counter_o_column|nx58250z5 ;
; 3.217 ; 0.000 ; RR ; CELL ; 2      ; LCFF_X27_Y35_N15   ; modgen_counter_o_column|reg_q_5_|regout              ;
; 4.094 ; 0.877 ; RR ; IC   ; 1      ; LCCOMB_X28_Y35_N8  ; ix45024z52925|datab                                  ;
; 4.585 ; 0.491 ; RR ; CELL ; 1      ; LCCOMB_X28_Y35_N8  ; ix45024z52925|combout                                ;
; 4.883 ; 0.298 ; RR ; IC   ; 1      ; LCCOMB_X28_Y35_N28 ; ix45024z52924|datac                                  ;
; 5.205 ; 0.322 ; RR ; CELL ; 17     ; LCCOMB_X28_Y35_N28 ; ix45024z52924|combout                                ;
; 5.511 ; 0.306 ; RR ; IC   ; 1      ; LCCOMB_X28_Y35_N30 ; ix17322z52923|datad                                  ;
; 5.689 ; 0.178 ; RR ; CELL ; 16     ; LCCOMB_X28_Y35_N30 ; ix17322z52923|combout                                ;
; 6.125 ; 0.436 ; RR ; IC   ; 1      ; LCFF_X29_Y35_N1    ; reg_out_o_row_obuf_1_|ena                            ;
; 6.883 ; 0.758 ; RR ; CELL ; 1      ; LCFF_X29_Y35_N1    ; nx17332z1                                            ;
+-------+-------+----+------+--------+--------------------+------------------------------------------------------+

+----------------------------------------------------------------------------+
; Data Required Path                                                         ;
+-------+-------+----+------+--------+-----------------+---------------------+
; Total ; Incr  ; RF ; Type ; Fanout ; Location        ; Element             ;
+-------+-------+----+------+--------+-----------------+---------------------+
; 1.000 ; 1.000 ;    ;      ;        ;                 ; latch edge time     ;
; 3.941 ; 2.941 ; R  ;      ;        ;                 ; clock network delay ;
; 3.979 ; 0.038 ;    ; uTsu ; 1      ; LCFF_X29_Y35_N1 ; nx17332z1           ;
+-------+-------+----+------+--------+-----------------+---------------------+


Path #2: Setup slack is -2.904 (VIOLATED)
===============================================================================
+---------------------------------------------------------------------------+
; Path Summary                                                              ;
+--------------------+------------------------------------------------------+
; Property           ; Value                                                ;
+--------------------+------------------------------------------------------+
; From Node          ; modgen_counter_8_1:modgen_counter_o_column|nx58250z5 ;
; To Node            ; nx18329z1                                            ;
; Launch Clock       ; i_clock                                              ;
; Latch Clock        ; i_clock                                              ;
; Data Arrival Time  ; 6.883                                                ;
; Data Required Time ; 3.979                                                ;
; Slack              ; -2.904 (VIOLATED)                                    ;
+--------------------+------------------------------------------------------+

+--------------------------------------------------------------------------------------+
; Statistics                                                                           ;
+---------------------------+-------+-------+-------------+------------+-------+-------+
; Property                  ; Value ; Count ; Total Delay ; % of Total ; Min   ; Max   ;
+---------------------------+-------+-------+-------------+------------+-------+-------+
; Setup Relationship        ; 1.000 ;       ;             ;            ;       ;       ;
; Clock Skew                ; 0.001 ;       ;             ;            ;       ;       ;
; Data Delay                ; 3.943 ;       ;             ;            ;       ;       ;
; Number of Logic Levels    ;       ; 3     ;             ;            ;       ;       ;
; Physical Delays           ;       ;       ;             ;            ;       ;       ;
;  Arrival Path             ;       ;       ;             ;            ;       ;       ;
;   Clock                   ;       ;       ;             ;            ;       ;       ;
;    Clock Network (Lumped) ;       ; 1     ; 2.940       ; 100        ; 2.940 ; 2.940 ;
;   Data                    ;       ;       ;             ;            ;       ;       ;
;    IC                     ;       ; 4     ; 1.917       ; 48         ; 0.298 ; 0.877 ;
;    Cell                   ;       ; 5     ; 1.749       ; 44         ; 0.000 ; 0.758 ;
;    uTco                   ;       ; 1     ; 0.277       ; 7          ; 0.277 ; 0.277 ;
;  Required Path            ;       ;       ;             ;            ;       ;       ;
;   Clock                   ;       ;       ;             ;            ;       ;       ;
;    Clock Network (Lumped) ;       ; 1     ; 2.941       ; 100        ; 2.941 ; 2.941 ;
+---------------------------+-------+-------+-------------+------------+-------+-------+
Note: Negative delays are omitted from totals when calculating percentages

+----------------------------------------------------------------------------------------------------------------+
; Data Arrival Path                                                                                              ;
+-------+-------+----+------+--------+--------------------+------------------------------------------------------+
; Total ; Incr  ; RF ; Type ; Fanout ; Location           ; Element                                              ;
+-------+-------+----+------+--------+--------------------+------------------------------------------------------+
; 0.000 ; 0.000 ;    ;      ;        ;                    ; launch edge time                                     ;
; 2.940 ; 2.940 ; R  ;      ;        ;                    ; clock network delay                                  ;
; 3.217 ; 0.277 ;    ; uTco ; 1      ; LCFF_X27_Y35_N15   ; modgen_counter_8_1:modgen_counter_o_column|nx58250z5 ;
; 3.217 ; 0.000 ; RR ; CELL ; 2      ; LCFF_X27_Y35_N15   ; modgen_counter_o_column|reg_q_5_|regout              ;
; 4.094 ; 0.877 ; RR ; IC   ; 1      ; LCCOMB_X28_Y35_N8  ; ix45024z52925|datab                                  ;
; 4.585 ; 0.491 ; RR ; CELL ; 1      ; LCCOMB_X28_Y35_N8  ; ix45024z52925|combout                                ;
; 4.883 ; 0.298 ; RR ; IC   ; 1      ; LCCOMB_X28_Y35_N28 ; ix45024z52924|datac                                  ;
; 5.205 ; 0.322 ; RR ; CELL ; 17     ; LCCOMB_X28_Y35_N28 ; ix45024z52924|combout                                ;
; 5.511 ; 0.306 ; RR ; IC   ; 1      ; LCCOMB_X28_Y35_N30 ; ix17322z52923|datad                                  ;
; 5.689 ; 0.178 ; RR ; CELL ; 16     ; LCCOMB_X28_Y35_N30 ; ix17322z52923|combout                                ;
; 6.125 ; 0.436 ; RR ; IC   ; 1      ; LCFF_X29_Y35_N3    ; reg_out_o_row_obuf_2_|ena                            ;
; 6.883 ; 0.758 ; RR ; CELL ; 1      ; LCFF_X29_Y35_N3    ; nx18329z1                                            ;
+-------+-------+----+------+--------+--------------------+------------------------------------------------------+

+----------------------------------------------------------------------------+
; Data Required Path                                                         ;
+-------+-------+----+------+--------+-----------------+---------------------+
; Total ; Incr  ; RF ; Type ; Fanout ; Location        ; Element             ;
+-------+-------+----+------+--------+-----------------+---------------------+
; 1.000 ; 1.000 ;    ;      ;        ;                 ; latch edge time     ;
; 3.941 ; 2.941 ; R  ;      ;        ;                 ; clock network delay ;
; 3.979 ; 0.038 ;    ; uTsu ; 1      ; LCFF_X29_Y35_N3 ; nx18329z1           ;
+-------+-------+----+------+--------+-----------------+---------------------+


Path #3: Setup slack is -2.904 (VIOLATED)
===============================================================================
+---------------------------------------------------------------------------+
; Path Summary                                                              ;
+--------------------+------------------------------------------------------+
; Property           ; Value                                                ;
+--------------------+------------------------------------------------------+
; From Node          ; modgen_counter_8_1:modgen_counter_o_column|nx58250z5 ;
; To Node            ; nx19326z1                                            ;
; Launch Clock       ; i_clock                                              ;
; Latch Clock        ; i_clock                                              ;
; Data Arrival Time  ; 6.883                                                ;
; Data Required Time ; 3.979                                                ;
; Slack              ; -2.904 (VIOLATED)                                    ;
+--------------------+------------------------------------------------------+

+--------------------------------------------------------------------------------------+
; Statistics                                                                           ;
+---------------------------+-------+-------+-------------+------------+-------+-------+
; Property                  ; Value ; Count ; Total Delay ; % of Total ; Min   ; Max   ;
+---------------------------+-------+-------+-------------+------------+-------+-------+
; Setup Relationship        ; 1.000 ;       ;             ;            ;       ;       ;
; Clock Skew                ; 0.001 ;       ;             ;            ;       ;       ;
; Data Delay                ; 3.943 ;       ;             ;            ;       ;       ;
; Number of Logic Levels    ;       ; 3     ;             ;            ;       ;       ;
; Physical Delays           ;       ;       ;             ;            ;       ;       ;
;  Arrival Path             ;       ;       ;             ;            ;       ;       ;
;   Clock                   ;       ;       ;             ;            ;       ;       ;
;    Clock Network (Lumped) ;       ; 1     ; 2.940       ; 100        ; 2.940 ; 2.940 ;
;   Data                    ;       ;       ;             ;            ;       ;       ;
;    IC                     ;       ; 4     ; 1.917       ; 48         ; 0.298 ; 0.877 ;
;    Cell                   ;       ; 5     ; 1.749       ; 44         ; 0.000 ; 0.758 ;
;    uTco                   ;       ; 1     ; 0.277       ; 7          ; 0.277 ; 0.277 ;
;  Required Path            ;       ;       ;             ;            ;       ;       ;
;   Clock                   ;       ;       ;             ;            ;       ;       ;
;    Clock Network (Lumped) ;       ; 1     ; 2.941       ; 100        ; 2.941 ; 2.941 ;
+---------------------------+-------+-------+-------------+------------+-------+-------+
Note: Negative delays are omitted from totals when calculating percentages

+----------------------------------------------------------------------------------------------------------------+
; Data Arrival Path                                                                                              ;
+-------+-------+----+------+--------+--------------------+------------------------------------------------------+
; Total ; Incr  ; RF ; Type ; Fanout ; Location           ; Element                                              ;
+-------+-------+----+------+--------+--------------------+------------------------------------------------------+
; 0.000 ; 0.000 ;    ;      ;        ;                    ; launch edge time                                     ;
; 2.940 ; 2.940 ; R  ;      ;        ;                    ; clock network delay                                  ;
; 3.217 ; 0.277 ;    ; uTco ; 1      ; LCFF_X27_Y35_N15   ; modgen_counter_8_1:modgen_counter_o_column|nx58250z5 ;
; 3.217 ; 0.000 ; RR ; CELL ; 2      ; LCFF_X27_Y35_N15   ; modgen_counter_o_column|reg_q_5_|regout              ;
; 4.094 ; 0.877 ; RR ; IC   ; 1      ; LCCOMB_X28_Y35_N8  ; ix45024z52925|datab                                  ;
; 4.585 ; 0.491 ; RR ; CELL ; 1      ; LCCOMB_X28_Y35_N8  ; ix45024z52925|combout                                ;
; 4.883 ; 0.298 ; RR ; IC   ; 1      ; LCCOMB_X28_Y35_N28 ; ix45024z52924|datac                                  ;
; 5.205 ; 0.322 ; RR ; CELL ; 17     ; LCCOMB_X28_Y35_N28 ; ix45024z52924|combout                                ;
; 5.511 ; 0.306 ; RR ; IC   ; 1      ; LCCOMB_X28_Y35_N30 ; ix17322z52923|datad                                  ;
; 5.689 ; 0.178 ; RR ; CELL ; 16     ; LCCOMB_X28_Y35_N30 ; ix17322z52923|combout                                ;
; 6.125 ; 0.436 ; RR ; IC   ; 1      ; LCFF_X29_Y35_N13   ; reg_out_o_row_obuf_3_|ena                            ;
; 6.883 ; 0.758 ; RR ; CELL ; 1      ; LCFF_X29_Y35_N13   ; nx19326z1                                            ;
+-------+-------+----+------+--------+--------------------+------------------------------------------------------+

+-----------------------------------------------------------------------------+
; Data Required Path                                                          ;
+-------+-------+----+------+--------+------------------+---------------------+
; Total ; Incr  ; RF ; Type ; Fanout ; Location         ; Element             ;
+-------+-------+----+------+--------+------------------+---------------------+
; 1.000 ; 1.000 ;    ;      ;        ;                  ; latch edge time     ;
; 3.941 ; 2.941 ; R  ;      ;        ;                  ; clock network delay ;
; 3.979 ; 0.038 ;    ; uTsu ; 1      ; LCFF_X29_Y35_N13 ; nx19326z1           ;
+-------+-------+----+------+--------+------------------+---------------------+


Path #4: Setup slack is -2.904 (VIOLATED)
===============================================================================
+---------------------------------------------------------------------------+
; Path Summary                                                              ;
+--------------------+------------------------------------------------------+
; Property           ; Value                                                ;
+--------------------+------------------------------------------------------+
; From Node          ; modgen_counter_8_1:modgen_counter_o_column|nx58250z5 ;
; To Node            ; nx20323z1                                            ;
; Launch Clock       ; i_clock                                              ;
; Latch Clock        ; i_clock                                              ;
; Data Arrival Time  ; 6.883                                                ;
; Data Required Time ; 3.979                                                ;
; Slack              ; -2.904 (VIOLATED)                                    ;
+--------------------+------------------------------------------------------+

+--------------------------------------------------------------------------------------+
; Statistics                                                                           ;
+---------------------------+-------+-------+-------------+------------+-------+-------+
; Property                  ; Value ; Count ; Total Delay ; % of Total ; Min   ; Max   ;
+---------------------------+-------+-------+-------------+------------+-------+-------+
; Setup Relationship        ; 1.000 ;       ;             ;            ;       ;       ;
; Clock Skew                ; 0.001 ;       ;             ;            ;       ;       ;
; Data Delay                ; 3.943 ;       ;             ;            ;       ;       ;
; Number of Logic Levels    ;       ; 3     ;             ;            ;       ;       ;
; Physical Delays           ;       ;       ;             ;            ;       ;       ;
;  Arrival Path             ;       ;       ;             ;            ;       ;       ;
;   Clock                   ;       ;       ;             ;            ;       ;       ;
;    Clock Network (Lumped) ;       ; 1     ; 2.940       ; 100        ; 2.940 ; 2.940 ;
;   Data                    ;       ;       ;             ;            ;       ;       ;
;    IC                     ;       ; 4     ; 1.917       ; 48         ; 0.298 ; 0.877 ;
;    Cell                   ;       ; 5     ; 1.749       ; 44         ; 0.000 ; 0.758 ;
;    uTco                   ;       ; 1     ; 0.277       ; 7          ; 0.277 ; 0.277 ;
;  Required Path            ;       ;       ;             ;            ;       ;       ;
;   Clock                   ;       ;       ;             ;            ;       ;       ;
;    Clock Network (Lumped) ;       ; 1     ; 2.941       ; 100        ; 2.941 ; 2.941 ;
+---------------------------+-------+-------+-------------+------------+-------+-------+
Note: Negative delays are omitted from totals when calculating percentages

+----------------------------------------------------------------------------------------------------------------+
; Data Arrival Path                                                                                              ;
+-------+-------+----+------+--------+--------------------+------------------------------------------------------+
; Total ; Incr  ; RF ; Type ; Fanout ; Location           ; Element                                              ;
+-------+-------+----+------+--------+--------------------+------------------------------------------------------+
; 0.000 ; 0.000 ;    ;      ;        ;                    ; launch edge time                                     ;
; 2.940 ; 2.940 ; R  ;      ;        ;                    ; clock network delay                                  ;
; 3.217 ; 0.277 ;    ; uTco ; 1      ; LCFF_X27_Y35_N15   ; modgen_counter_8_1:modgen_counter_o_column|nx58250z5 ;
; 3.217 ; 0.000 ; RR ; CELL ; 2      ; LCFF_X27_Y35_N15   ; modgen_counter_o_column|reg_q_5_|regout              ;
; 4.094 ; 0.877 ; RR ; IC   ; 1      ; LCCOMB_X28_Y35_N8  ; ix45024z52925|datab                                  ;
; 4.585 ; 0.491 ; RR ; CELL ; 1      ; LCCOMB_X28_Y35_N8  ; ix45024z52925|combout                                ;
; 4.883 ; 0.298 ; RR ; IC   ; 1      ; LCCOMB_X28_Y35_N28 ; ix45024z52924|datac                                  ;
; 5.205 ; 0.322 ; RR ; CELL ; 17     ; LCCOMB_X28_Y35_N28 ; ix45024z52924|combout                                ;
; 5.511 ; 0.306 ; RR ; IC   ; 1      ; LCCOMB_X28_Y35_N30 ; ix17322z52923|datad                                  ;
; 5.689 ; 0.178 ; RR ; CELL ; 16     ; LCCOMB_X28_Y35_N30 ; ix17322z52923|combout                                ;
; 6.125 ; 0.436 ; RR ; IC   ; 1      ; LCFF_X29_Y35_N23   ; reg_out_o_row_obuf_4_|ena                            ;
; 6.883 ; 0.758 ; RR ; CELL ; 1      ; LCFF_X29_Y35_N23   ; nx20323z1                                            ;
+-------+-------+----+------+--------+--------------------+------------------------------------------------------+

+-----------------------------------------------------------------------------+
; Data Required Path                                                          ;
+-------+-------+----+------+--------+------------------+---------------------+
; Total ; Incr  ; RF ; Type ; Fanout ; Location         ; Element             ;
+-------+-------+----+------+--------+------------------+---------------------+
; 1.000 ; 1.000 ;    ;      ;        ;                  ; latch edge time     ;
; 3.941 ; 2.941 ; R  ;      ;        ;                  ; clock network delay ;
; 3.979 ; 0.038 ;    ; uTsu ; 1      ; LCFF_X29_Y35_N23 ; nx20323z1           ;
+-------+-------+----+------+--------+------------------+---------------------+


Path #5: Setup slack is -2.741 (VIOLATED)
===============================================================================
+---------------------------------------------------------------------------+
; Path Summary                                                              ;
+--------------------+------------------------------------------------------+
; Property           ; Value                                                ;
+--------------------+------------------------------------------------------+
; From Node          ; modgen_counter_8_1:modgen_counter_o_column|nx58250z5 ;
; To Node            ; nx16335z1                                            ;
; Launch Clock       ; i_clock                                              ;
; Latch Clock        ; i_clock                                              ;
; Data Arrival Time  ; 6.719                                                ;
; Data Required Time ; 3.978                                                ;
; Slack              ; -2.741 (VIOLATED)                                    ;
+--------------------+------------------------------------------------------+

+--------------------------------------------------------------------------------------+
; Statistics                                                                           ;
+---------------------------+-------+-------+-------------+------------+-------+-------+
; Property                  ; Value ; Count ; Total Delay ; % of Total ; Min   ; Max   ;
+---------------------------+-------+-------+-------------+------------+-------+-------+
; Setup Relationship        ; 1.000 ;       ;             ;            ;       ;       ;
; Clock Skew                ; 0.000 ;       ;             ;            ;       ;       ;
; Data Delay                ; 3.779 ;       ;             ;            ;       ;       ;
; Number of Logic Levels    ;       ; 3     ;             ;            ;       ;       ;
; Physical Delays           ;       ;       ;             ;            ;       ;       ;
;  Arrival Path             ;       ;       ;             ;            ;       ;       ;
;   Clock                   ;       ;       ;             ;            ;       ;       ;
;    Clock Network (Lumped) ;       ; 1     ; 2.940       ; 100        ; 2.940 ; 2.940 ;
;   Data                    ;       ;       ;             ;            ;       ;       ;
;    IC                     ;       ; 4     ; 1.753       ; 46         ; 0.272 ; 0.877 ;
;    Cell                   ;       ; 5     ; 1.749       ; 46         ; 0.000 ; 0.758 ;
;    uTco                   ;       ; 1     ; 0.277       ; 7          ; 0.277 ; 0.277 ;
;  Required Path            ;       ;       ;             ;            ;       ;       ;
;   Clock                   ;       ;       ;             ;            ;       ;       ;
;    Clock Network (Lumped) ;       ; 1     ; 2.940       ; 100        ; 2.940 ; 2.940 ;
+---------------------------+-------+-------+-------------+------------+-------+-------+
Note: Negative delays are omitted from totals when calculating percentages

+----------------------------------------------------------------------------------------------------------------+
; Data Arrival Path                                                                                              ;
+-------+-------+----+------+--------+--------------------+------------------------------------------------------+
; Total ; Incr  ; RF ; Type ; Fanout ; Location           ; Element                                              ;
+-------+-------+----+------+--------+--------------------+------------------------------------------------------+
; 0.000 ; 0.000 ;    ;      ;        ;                    ; launch edge time                                     ;
; 2.940 ; 2.940 ; R  ;      ;        ;                    ; clock network delay                                  ;
; 3.217 ; 0.277 ;    ; uTco ; 1      ; LCFF_X27_Y35_N15   ; modgen_counter_8_1:modgen_counter_o_column|nx58250z5 ;
; 3.217 ; 0.000 ; RR ; CELL ; 2      ; LCFF_X27_Y35_N15   ; modgen_counter_o_column|reg_q_5_|regout              ;
; 4.094 ; 0.877 ; RR ; IC   ; 1      ; LCCOMB_X28_Y35_N8  ; ix45024z52925|datab                                  ;
; 4.585 ; 0.491 ; RR ; CELL ; 1      ; LCCOMB_X28_Y35_N8  ; ix45024z52925|combout                                ;
; 4.883 ; 0.298 ; RR ; IC   ; 1      ; LCCOMB_X28_Y35_N28 ; ix45024z52924|datac                                  ;
; 5.205 ; 0.322 ; RR ; CELL ; 17     ; LCCOMB_X28_Y35_N28 ; ix45024z52924|combout                                ;
; 5.511 ; 0.306 ; RR ; IC   ; 1      ; LCCOMB_X28_Y35_N30 ; ix17322z52923|datad                                  ;
; 5.689 ; 0.178 ; RR ; CELL ; 16     ; LCCOMB_X28_Y35_N30 ; ix17322z52923|combout                                ;
; 5.961 ; 0.272 ; RR ; IC   ; 1      ; LCFF_X28_Y35_N1    ; reg_out_o_row_obuf_0_|ena                            ;
; 6.719 ; 0.758 ; RR ; CELL ; 1      ; LCFF_X28_Y35_N1    ; nx16335z1                                            ;
+-------+-------+----+------+--------+--------------------+------------------------------------------------------+

+----------------------------------------------------------------------------+
; Data Required Path                                                         ;
+-------+-------+----+------+--------+-----------------+---------------------+
; Total ; Incr  ; RF ; Type ; Fanout ; Location        ; Element             ;
+-------+-------+----+------+--------+-----------------+---------------------+
; 1.000 ; 1.000 ;    ;      ;        ;                 ; latch edge time     ;
; 3.940 ; 2.940 ; R  ;      ;        ;                 ; clock network delay ;
; 3.978 ; 0.038 ;    ; uTsu ; 1      ; LCFF_X28_Y35_N1 ; nx16335z1           ;
+-------+-------+----+------+--------+-----------------+---------------------+


